---
http_interactions:
- request:
    method: get
    uri: https://graph.facebook.com/v18.0/17986576562521259/top_media?access_token=<INSTAGRAM_TOKEN>&fields=id,caption,comments_count,like_count,timestamp&user_id=17841462175987660
    body:
      encoding: US-ASCII
      string: ''
    headers:
      Accept-Encoding:
      - gzip;q=1.0,deflate;q=0.6,identity;q=0.3
      Accept:
      - "*/*"
      User-Agent:
      - Ruby
  response:
    status:
      code: 400
      message: Bad Request
    headers:
      Vary:
      - Accept-Encoding
      - Origin
      Cross-Origin-Resource-Policy:
      - cross-origin
      X-App-Usage:
      - '{"call_count":0,"total_cputime":0,"total_time":0}'
      Content-Type:
      - application/json; charset=UTF-8
      Www-Authenticate:
      - OAuth "Facebook Platform" "invalid_request" "Unsupported get request. Object
        with ID '17986576562521259' does not exist, cannot be loaded due to missing
        permissions, or does not support this operation. Please read the Graph API
        documentation at https://developers.facebook.com/docs/graph-api"
      Access-Control-Allow-Origin:
      - "*"
      Facebook-Api-Version:
      - v18.0
      Strict-Transport-Security:
      - max-age=15552000; preload
      Pragma:
      - no-cache
      Cache-Control:
      - no-store
      Expires:
      - Sat, 01 Jan 2000 00:00:00 GMT
      X-Fb-Request-Id:
      - AHUCjEhzt6tyizkmeJkV26F
      X-Fb-Trace-Id:
      - BFaRlCc8hUY
      X-Fb-Rev:
      - '1009404850'
      X-Fb-Debug:
      - zKUkhxKxZCsd4mAnMILjC5+BlwxRzZP63DGlwH29hLC+p1b45CVBQ29Ecwaxz9WW7zQ7pK6/wAZ+tJ2bq8uhCQ==
      Date:
      - Sun, 22 Oct 2023 17:08:04 GMT
      Alt-Svc:
      - h3=":443"; ma=86400
      Connection:
      - keep-alive
      Content-Length:
      - '373'
    body:
      encoding: ASCII-8BIT
      string: '{"error":{"message":"Unsupported get request. Object with ID ''17986576562521259''
        does not exist, cannot be loaded due to missing permissions, or does not support
        this operation. Please read the Graph API documentation at https:\/\/developers.facebook.com\/docs\/graph-api","type":"GraphMethodException","code":100,"error_subcode":33,"fbtrace_id":"AHUCjEhzt6tyizkmeJkV26F"}}'
  recorded_at: Sun, 22 Oct 2023 17:08:04 GMT
- request:
    method: get
    uri: https://graph.facebook.com/v18.0/17842307719068454/top_media?access_token=<INSTAGRAM_TOKEN>&fields=id,caption,comments_count,like_count,timestamp&user_id=17841462175987660
    body:
      encoding: US-ASCII
      string: ''
    headers:
      Accept-Encoding:
      - gzip;q=1.0,deflate;q=0.6,identity;q=0.3
      Accept:
      - "*/*"
      User-Agent:
      - Ruby
  response:
    status:
      code: 200
      message: OK
    headers:
      Etag:
      - '"209ca06bb12890b0c2b23c586eab37c25d6ab5db"'
      Content-Type:
      - application/json; charset=UTF-8
      Vary:
      - Accept-Encoding
      - Origin
      X-Business-Use-Case-Usage:
      - '{"17841424998209623":[{"type":"instagram","call_count":1,"total_cputime":1,"total_time":1,"estimated_time_to_regain_access":0}],"17841460299023451":[{"type":"instagram","call_count":1,"total_cputime":1,"total_time":1,"estimated_time_to_regain_access":0}],"17841459345344156":[{"type":"instagram","call_count":1,"total_cputime":1,"total_time":1,"estimated_time_to_regain_access":0}]}'
      Access-Control-Allow-Origin:
      - "*"
      Facebook-Api-Version:
      - v18.0
      Strict-Transport-Security:
      - max-age=15552000; preload
      Pragma:
      - no-cache
      Cache-Control:
      - private, no-cache, no-store, must-revalidate
      Expires:
      - Sat, 01 Jan 2000 00:00:00 GMT
      X-Fb-Request-Id:
      - AEF9tnCO3iGll3C1yN6jvAz
      X-Fb-Trace-Id:
      - BxUNo7kyJY3
      X-Fb-Rev:
      - '1009404850'
      X-Fb-Debug:
      - NlFqk58DLG7PkMH84m8zuLNtpo+K0IECx83RVfVc3LgAfQTZYYNpEFPI1SmK7YrcbOk9+5sQmOTvorkSfqysjw==
      Date:
      - Sun, 22 Oct 2023 17:45:56 GMT
      Alt-Svc:
      - h3=":443"; ma=86400
      Connection:
      - keep-alive
      Content-Length:
      - '14561'
    body:
      encoding: ASCII-8BIT
      string: '{"data":[{"id":"17857643877046119","caption":"gabii con fans \u2764\ufe0f\u200d\ud83e\ude79!\nvia:
        culpables.trilogia & tiktok \u0040\/ nicolegabriel124\n\n\ud83c\udff7 #culpamia
        #culpami\u0301a #culpamialapelicula #culpami\u0301athemovie #culpamiamovie
        #culpamiathemovie #culpamiapelicula #culpables #trilogiaculpables #mercedesron
        #mercedesronnbooks #wattpad #primevideo #movie #adaptacion #books #nicolewallace
        #gabrielguevara #new #nickynoah #noahmorgan #nicholasleister #nicholasynoah\n#fyp
        #explore","comments_count":6,"like_count":1005,"timestamp":"2023-10-22T15:52:13+0000"},{"id":"17882525033956776","caption":"XAUST
        \n\n #xaustcbs #cbscrew xcontratodos100 #cantbestopped #graffiti #citybombsquad
        #cbscrewbombs #vandals #cantbestoppedthemovie #cbscrewgraffiti #graffitiporn
        #227 #\ud83d\udc41 defend_melrose #exolorepage #explore #instagood #instalike
        #graff #new defend_melrose","comments_count":1,"like_count":51,"timestamp":"2023-10-22T16:57:35+0000"},{"id":"18080254141392847","caption":"#benz_barn
        #mercedes #benz #w124 #s124 #bbs #bbslm #bbslemans #amg #w124amg #s124amg
        #restoration #rebuild #new #bbsrs #low #lowered #loweredmerc #lowlife #stance
        #stancenation #static #staticlife #lowlife #stanceworks #190e #w201 #190e16v
        #cosworth #w123m104","comments_count":0,"like_count":31,"timestamp":"2023-10-22T17:37:27+0000"},{"id":"17890943681923481","caption":"Happy
        #princegeorgeappreciationday \u2764\ufe0f\ud83e\udd70 #new \n.\n.\n.\n.\n.\n.\n.\n.\n#theroyalfamily
        #britishroyalfamily #british #walesfamily #queenelizabeth #princephilip #kingcharles
        #camillaparkerbowles #princessdiana #princewilliam #katemiddleton #princegeorgeofcambridge
        #princegeorge #princegeorgeofwales #georgeofwales #futureking #royalchildren
        #princesscharlotte #princelouis #princeharry #meghanmarkle #sophiewessex #princeedward
        #ladylouisewindsor #jamesviscountsevern #princessanne #zaratindall #miatindall","comments_count":1,"like_count":15,"timestamp":"2023-10-22T17:10:12+0000"},{"id":"17928314591687410","caption":"Ivanka\u2019s
        selfies\u2728\ud83e\udea9 ivankatrump \n\nDon\u2019t forget to follow ivvankatrump
        \ud83c\uddfa\ud83c\uddf8\n\n#new #ivanka #ivankatrump #ivankatrumpfashion
        #ivankatrumpstyle #ivankamarietrump #ivanka2028 #ivvankatrump #ivankatrumpshoes
        #modeling #style #fashion #fashionstyle #conservativefashion #republican #usa
        #usafirst #americafirst\ud83c\uddfa\ud83c\uddf8 #americafirst #american #patriot
        #instadaily #instagood #instagram #insta #explorepage #explore #explorepage\u2728
        #\ud83c\uddfa\ud83c\uddf8","comments_count":40,"like_count":388,"timestamp":"2023-10-22T05:00:43+0000"},{"id":"17857461621015195","caption":"Throwback
        #kaley #cuoco #kaleycuoco #tbbt #new #lol #throwback #girl #beauty #beautiful
        #love #celebrity #actress #star #amazing #pretty #gorgeous #penny #caps #bigbangtheory
        #fan #flightattendant #cassie #young #cute #woman","comments_count":5,"like_count":591,"timestamp":"2023-10-22T11:50:19+0000"},{"id":"17859707265040818","caption":"Today''s
        Current Affairs (2023 October 22)\n#psc #pscgk #psccoaching #pscquestions
        #psctrolls #psccurrentaffairs #uppsc #kerala #india #news #new #malayalam
        #updates #information #knowledge #generalknowledge #currentaffairs #state
        #job #keralagovernment #kozhikode #kozhikode #palakkad #thiruvananthapuram
        #kollam #malappuram #eranakulam #wayanad #thrissur #wayanad #pathanamthitta
        #kottayam","comments_count":1,"like_count":729,"timestamp":"2023-10-22T13:33:04+0000"},{"id":"18009637324996902","caption":"chanel.beauty
        SUBLIMAGE LE CONCENTRE LUMIERE Liquid Highlighter Limited Edition- Is Absolutely
        Beautiful And Very Pretty, Has A gel texture With Rosy beige With A little
        Tiny Shimmer Give You Very Soft Look ,Gives And leaving The Skin sheer luminous
        finish,It Can Be Used Alone Or With Any Foundation, I applied With My Finger
        , Very Soft And easy to apply And blends easily,Looks Very fresh And lightweigh
        On The Skin,The SUBLIMAGE Highlighter As Skincare ingredient Which Is Hyaluronic
        acid hydrates and keeps skin feeling comfortable . #chanel #chanelbeauty #new
        #newchanelmakeup #chanelnewcollection #chanelhighlighter #chanelholiday2023makeup
        #newrelease #welovecoco #chanelsublimagehighlighter #swatches #chanelmakeup
        #review","comments_count":2,"like_count":13,"timestamp":"2023-10-22T17:27:09+0000"},{"id":"17975832272397253","caption":"What
        ha KNOCK\u26a1\ufe0f\ud83d\udd31\n\n.\n#day #match #indvsnewzealand #indianteam
        #india #indian #royalnavghan #trending #new #cricket #model #batschannel #batting
        #battlefield #moderndaycricket #newzealand #coach","comments_count":3,"like_count":59,"timestamp":"2023-10-22T17:17:59+0000"},{"id":"17877086474975448","caption":"\ud83e\uddf8\ud83c\udf42\u2728\n\n#catlover
        #catphoto #catstagram #catsuit #catsoftheday #cats\ud83d\udc31 #cats\u2764\ufe0f
        #catsofinstagram #catsofinsta #catpost #cats #catlife #cat #catsvedio #catsofig
        #catsmorning #baby #\u2764\ufe0f #new #newpost #nowypost #kot #kocisko #kotek
        #\u043a\u0456\u0442 #\u043a\u043e\u0442\u0438\u043a #steffi_animal #aesthetic
        #autumn #\ud83c\udf42","comments_count":0,"like_count":6,"timestamp":"2023-10-22T17:34:23+0000"},{"id":"17896030778904718","caption":"dreamscape
        wires\n\n#art #surrealism #digitalart #artist #arte #surrealismworld #surrealistly
        #image #painting #mushrooms #surreal #artsy #artist #gallery #artcollector
        #artcurator #new","comments_count":14,"timestamp":"2023-10-22T14:12:19+0000"},{"id":"17889088982927600","caption":"G\u00f6nl\u00fc
        daralan vahye ko\u015fsun...\ud83e\udd0d\n An vard\u0131r ki insan\u0131n
        eli  kalkmaz kendini o kadar  takatsiz hisseder... ve inan\u0131yorum ki bug\u00fcnlerde
        \u00e7o\u011fumuz \u00f6yle bir haldedir.  Ama bu demek de\u011fildir ki elimizi
        kolumuzu her \u015feyden \u00e7ekecek! Tam tersi daha g\u00fc\u00e7l\u00fc
        ve \u00fcretken olmak zorunday\u0131z ayaklar\u0131 yere daha sa\u011flam
        basan iyiyi, k\u00f6t\u00fcy\u00fc ,do\u011fruyu ve yanl\u0131\u015f\u0131
        daha iyi idrak eden nesilleri b\u00fcy\u00fctmek i\u00e7in buna mecburuz...
        \u00f6nce kendimiz  g\u00fc\u00e7l\u00fc \u00fcretken ve etraf\u0131na da
        fayda verebilen birer bireyler  halinde olaca\u011f\u0131z ki  ba\u015fkas\u0131na
        da fayda verebilelim in\u015faAllah \ud83e\udd32\n ... ve unutmayal\u0131m
        ki Kalpler ancak Allah''\u0131 anmakla huzura kavu\u015fur...\ud83e\udd0d\n\nAllah\u00fcmme
        Salli Ala Seyyidina Muhammedin Ve Ala Ali Seyyidina Muhammed Sallallahu Aleyhi
        Vesellem \ud83c\udf39\n\n#kalbi_islamin #amin #elhamd\u00fclillah #secde #sevgi
        #hadits #hamd #huzurunsesi #huzur #g\u00fcndem #naz\u0131mhikmet #\u015fair
        #new #newpost #kitaplar #kuranikerim #kuran\u0131kerimmeali #kurantilavetleri
        #\u00f6zl\u00fcs\u00f6zler #\u00f6zdemirasaf #homedecor #kesfetteyiz #kesfet
        #kesfetteyiz #sabahnamaz\u0131 #s\u00f6zlerk\u00f6\u015fk\u00fc #s\u00f6zler
        #ilim #tevekk\u00fcl #islamic #ihsan\u015fenocak","comments_count":34,"like_count":478,"timestamp":"2023-10-22T15:41:44+0000"},{"id":"18017399608858244","caption":"Repost
        #kaley #cuoco #kaleycuoco #tbbt #new #lol #throwback #girl #beauty #beautiful
        #love #celebrity #actress #star #amazing #pretty #gorgeous #penny #bigbangtheory
        #fan #flightattendant #cassie #young #sexy #edit #repost #woman","comments_count":14,"like_count":827,"timestamp":"2023-10-22T09:09:43+0000"},{"id":"18007163759008221","caption":"leonrose61
        buddy, you already lost Obi who\u2019s lighting it up right now for the pacers\u2026
        DO NOT MESS THIS UP","comments_count":48,"like_count":1253,"timestamp":"2023-10-22T15:01:07+0000"},{"id":"17990985527157937","caption":"Cosy
        Season \ud83c\udf42\ud83c\udf41\n\n\ud83c\udf31\ud83c\udf31\ud83c\udf31\ud83c\udf31\ud83c\udf31\ud83c\udf31\ud83c\udf31\ud83c\udf31\ud83c\udf31\ud83c\udf31\ud83c\udf31\ud83c\udf31\n\n#vegan
        #food #veganfood #veganmeals #foodie #veganeats #mealideas #birmingham #meals  #easy
        #easyfood #new #newfoods #health #healthy #healthyfood #foryou #foryoupage
        #viral #2023 #breakfast #lunch #dinner #easymeals #meal #snack #veagnautum
        #veganwinter #veganfoodOctober #veganoctober","comments_count":0,"like_count":3,"timestamp":"2023-10-22T17:27:03+0000"},{"id":"18011128666832654","caption":"comfy
        and matchy \ud83d\udc3b\ud83c\udf42\n\n #uggs #look #new #outfit #ootd #love","comments_count":15,"like_count":257,"timestamp":"2023-10-22T16:58:12+0000"},{"id":"18000301076281476","caption":"\ud83d\udea8
        \u0631\u0648\u062f\u064a\u063a\u064a\u0631: \n\u0627\u0634\u062a\u0628\u0627\u0643\u064a
        \u0645\u0639 \u0631\u0627\u0645\u0648\u0633\u061f \u0644\u0648 \u0644\u0645
        \u0627\u0643\u0646 \u0645\u0647\u062f\u062f \u0628\u0627\u0644\u063a\u064a\u0627\u0628
        \u0639\u0646 \u0627\u0644\u0643\u0644\u0627\u0633\u064a\u0643\u0648 \u0644\u062c\u0639\u0644\u062a\u0647
        \u064a\u0623\u0643\u0644 \u0627\u0644\u0639\u0634\u0628.\n.\n.\n\u062a\u0627\u0628\u0639
        \u0628\u0644\u0627\u0646\u0643\u0648\u0633 ksa \u0648\u0627\u0633\u062a\u0645\u062a\u0639
        \u0628\u0627\u0644\u062d\u0645\u0627\u0633 \u0627\u0644\u0631\u064a\u0627\u0636\u064a!
        \u26bd\ufe0f\ud83d\udd25\n\u0648 \u0627\u0643\u062a\u0634\u0641 \u0639\u0627\u0644\u0645
        \u0627\u0644\u0643\u0631\u0629 \u0627\u0644\u0645\u0644\u0643\u064a\u0629
        \u0648\u0627\u0633\u062a\u0641\u062f \u0645\u0646 \u0627\u0644\u0641\u0639\u0627\u0644\u064a\u0627\u062a
        \u0627\u0644\u062d\u0635\u0631\u064a\u0629 \u0627\u0646\u0636\u0645 \u0627\u0644\u0622\u0646
        \u0644\u0623\u0633\u0631\u0629 \u0627\u0644\u0645\u0644\u0648\u0643 \ud83d\udc51\n
        blancosksa \ud83d\udc48\n blancosksa \ud83d\udc48\n\n#\u0631\u0627\u0628\u0637\u0629_\u0631\u064a\u0627\u0644_\u0645\u062f\u0631\u064a\u062f_\u0627\u0644\u0633\u0639\u0648\u062f\u064a\u0629
        #HalaMadrid #realmadrid  #new #sport #laliga #ucl #ufa #futbol #freekick #nutmeg  #blancos
        #realmadridbelarabi\n#\u0647\u0644\u0627\u0645\u062f\u0631\u064a\u062f #\u0631\u064a\u0627\u0644_\u0645\u062f\u0631\u064a\u062f
        #\u0627\u0643\u0633\u0628\u0644\u0648\u0631 #\u0644\u064a\u063a\u0627 #\u062f\u0648\u0631\u064a_\u0623\u0628\u0637\u0627\u0644_\u0623\u0648\u0631\u0648\u0628\u0627","comments_count":134,"like_count":3939,"timestamp":"2023-10-22T14:24:47+0000"},{"id":"17970447491624226","caption":".\ud83e\udeb7
        Birazc\u0131k nefes ald\u0131ran g\u00f6r\u00fcn\u00fcmler var g\u00f6ky\u00fcz\u00fcnde:)
        Enerjiler a\u015fk,sevgi,\u015fans ve bereket enerjisini destekliyor. Ayn\u0131
        zamanda anla\u015fma,imza,s\u00f6zle\u015fme ve uzun vadeli kararlar i\u00e7in
        destekleyici etkileri sunuyor olacak. Kararlar\u0131m\u0131z\u0131 ve se\u00e7imlerimizi
        sa\u011flam,istikrarl\u0131 bir \u015fekilde \u015fekillendirebilir kal\u0131c\u0131
        sonu\u00e7lar alabiliriz. Ka\u00e7\u0131rd\u0131\u011f\u0131m\u0131z f\u0131rsatlar
        yeniden \u00f6n\u00fcm\u00fcze gelebilir. Ertelenen ve beklemede kalan durumlar
        h\u0131zlanabilir.\n28 Ekim''de ya\u015fayaca\u011f\u0131m\u0131z Ay Tutulmas\u0131
        etkisini hissetmeye ba\u015fl\u0131yor olaca\u011f\u0131z. Tutulma enerjisi
        pek keyifli de\u011fil ama onu ayr\u0131ca yazaca\u011f\u0131m. Siz g\u00fcn\u00fcn
        enerjisini de\u011ferlendirin. \u0130stekleriniz ve hayalleriniz i\u00e7in
        ad\u0131mlar at\u0131n kararlar al\u0131n.\ud83d\udc90 \n.\ud83e\udeb7 G\u00fczel
        ve keyifli bir g\u00fcn diliyorum.\n.\n.Astrolog ve Tarot Okuyucusu Canan
        Ke\u015fo\u011flu \n.\n.\n.#new #newpost #antalya #cananke\u015fo\u011flu
        #merk\u00fcr #saturn #sunday #venus #jupiter #astropost","comments_count":24,"like_count":920,"timestamp":"2023-10-22T09:33:34+0000"},{"id":"18126713134312595","caption":"\ud83d\udc44\ud83d\udc44\n\n#xxx
        #xxxtentation #xxxibgdrgn #body #babygirl #bookstagram #beautiful #instagood
        #instagram #trending #trend #viral #follow #love #likexlike #new #newpost
        #post #photography","comments_count":0,"timestamp":"2023-10-22T17:17:42+0000"},{"id":"18240988282208738","caption":"1,
        or 2?\ud83d\ude0d \nTag someone would love to see this \u2764\ufe0f\n\n..\n\n#product
        #design #productdesign #productphotography #photography #fashion #instagood
        #beauty #art #designer #business #love #marketing #skincare #branding #instagram
        #products #new #industrialdesign #style #quality #brand #handmade #photooftheday
        #technology #shopping #interiordesign #onlineshopping #d #photographer","comments_count":15,"like_count":453,"timestamp":"2023-10-22T00:24:17+0000"},{"id":"17985348200415916","caption":"Some
        #sundayfunday Finds for Your Feed! \ud83c\udf1f \n\n\ud83c\udf4c reeses Banana
        Slices [sold at $6.97] \n\ud83c\udf5e redlobster Biscuits\n\ud83c\udf3d pringles
        Elote\n\nStay Tuned for More! \n\n#walmart #reesesbanana #Frozen #Fruit #new
        #walmartdeals #biscuits #bake #elote #food #snacks #share #tag #junkfood #jerseyfoodnfinds
        #nj","comments_count":6,"like_count":8,"timestamp":"2023-10-22T17:35:59+0000"},{"id":"18007934360058783","caption":"a.kallinikou
        in BELLA SET \ud83d\udd25\ud83d\udda4\n\n#new #newcollection #lingerie #fashion
        #lingerieaddict #blacklingerie #blacklingerieset #shoponline #onlineshopping","comments_count":2,"timestamp":"2023-10-22T17:11:59+0000"},{"id":"18000239558486232","caption":"#fashion
        #red #winter #new #aleppo_syria #art","comments_count":3,"like_count":4,"timestamp":"2023-10-22T17:13:23+0000"},{"id":"18314019952106769","caption":"Do
        you want money or me?\n\n#trans #transwoman #model #hot #beautiful #girls
        #transgender #woman #new #love #instagood #lgbtq #thailand #ladyboys #ladyboythailand
        #tgirl #tgirls #m2f #trans #transgender #transguy #transgirl #thailand #thai
        #miss","comments_count":3,"like_count":4,"timestamp":"2023-10-22T17:26:13+0000"},{"id":"17998030583236829","caption":"#G\u00f6kberkDemirci
        #DrMehmet #GidersenGitme\ud83d\udc83\ud83d\udc83\ud83d\udc83\ud83d\udc51\ud83d\udc51#Kartal\n\n#\u00dc\u00e7k\u0131zkarde\u015f\n\n#G\u00f6kberkDemirci
        gokberkdemirci #g\u00f6kberkdemirci #gokberkdemirci #g\u00f6kberkdemirci#\u0645\u0633\u0644\u0633\u0644\u0627\u062a_\u062a\u0631\u0643\u064a\u0629\n\n#explorepageturkey
        #explore#gokberkdemi\u0307rci\u0307 #g\u00f6kberkdemirci #turkiye#likeforlike
        #followme #photooftheday #instamood #instagram #photography #actor #dizi #film
        #explore #new #rell#songs","comments_count":2,"like_count":13,"timestamp":"2023-10-22T17:34:11+0000"}],"paging":{"cursors":{"after":"NWZAiNTI1MWNhNDMyNDMzZADgxMTljMTI4NjEzNDhkZATYZD"},"next":"https:\/\/graph.facebook.com\/v18.0\/17842307719068454\/top_media?user_id=17841462175987660&fields=id,caption,comments_count,like_count,timestamp&access_token=<INSTAGRAM_TOKEN>&limit=25&after=NWZAiNTI1MWNhNDMyNDMzZADgxMTljMTI4NjEzNDhkZATYZD"}}'
  recorded_at: Sun, 22 Oct 2023 17:45:55 GMT
- request:
    method: get
    uri: https://graph.facebook.com/v18.0/17842307719068454/top_media?access_token=<INSTAGRAM_TOKEN>&fields=id,caption,comments_count,like_count,timestamp,owner&user_id=17841462175987660
    body:
      encoding: US-ASCII
      string: ''
    headers:
      Accept-Encoding:
      - gzip;q=1.0,deflate;q=0.6,identity;q=0.3
      Accept:
      - "*/*"
      User-Agent:
      - Ruby
  response:
    status:
      code: 400
      message: Bad Request
    headers:
      Vary:
      - Origin
      Cross-Origin-Resource-Policy:
      - cross-origin
      X-App-Usage:
      - '{"call_count":0,"total_cputime":0,"total_time":0}'
      Content-Type:
      - application/json; charset=UTF-8
      Www-Authenticate:
      - OAuth "Facebook Platform" "invalid_request" "(#100) Please read documentation
        for supported fields."
      Access-Control-Allow-Origin:
      - "*"
      Facebook-Api-Version:
      - v18.0
      Strict-Transport-Security:
      - max-age=15552000; preload
      Pragma:
      - no-cache
      Cache-Control:
      - no-store
      Expires:
      - Sat, 01 Jan 2000 00:00:00 GMT
      X-Fb-Request-Id:
      - AxZa2BMMwSnmnqThyWNG-dR
      X-Fb-Trace-Id:
      - AxkeCCottj+
      X-Fb-Rev:
      - '1009468759'
      X-Fb-Debug:
      - AN+loQR/6bLTjrTQFsYSFqOzwscrmUOZrPLlD8s022r2SJl8GICRDwYHX0Sz4c5o12pMWIAWnBDB5U633+HSeA==
      Date:
      - Wed, 25 Oct 2023 13:11:31 GMT
      Alt-Svc:
      - h3=":443"; ma=86400
      Connection:
      - keep-alive
      Content-Length:
      - '152'
    body:
      encoding: UTF-8
      string: '{"error":{"message":"(#100) Please read documentation for supported
        fields.","type":"OAuthException","code":100,"fbtrace_id":"AxZa2BMMwSnmnqThyWNG-dR"}}'
  recorded_at: Wed, 25 Oct 2023 13:11:31 GMT
- request:
    method: get
    uri: https://graph.facebook.com/v18.0/17842307719068454/top_media?access_token=<INSTAGRAM_TOKEN>&fields=id,caption,comments_count,like_count,timestamp,%20media_url,%20children,%20media_type&user_id=17841462175987660
    body:
      encoding: US-ASCII
      string: ''
    headers:
      Accept-Encoding:
      - gzip;q=1.0,deflate;q=0.6,identity;q=0.3
      Accept:
      - "*/*"
      User-Agent:
      - Ruby
  response:
    status:
      code: 200
      message: OK
    headers:
      Etag:
      - '"7fa44a827a84c163d8ce997cd31155ed6e4b6089"'
      Content-Type:
      - application/json; charset=UTF-8
      Vary:
      - Accept-Encoding
      - Origin
      X-Business-Use-Case-Usage:
      - '{"17841412716072108":[{"type":"instagram","call_count":1,"total_cputime":1,"total_time":1,"estimated_time_to_regain_access":0}],"17841401037404205":[{"type":"instagram","call_count":0,"total_cputime":0,"total_time":0,"estimated_time_to_regain_access":0}],"17841460259353307":[{"type":"instagram","call_count":0,"total_cputime":0,"total_time":0,"estimated_time_to_regain_access":0}],"17841460892071222":[{"type":"instagram","call_count":0,"total_cputime":0,"total_time":0,"estimated_time_to_regain_access":0}]}'
      Access-Control-Allow-Origin:
      - "*"
      Facebook-Api-Version:
      - v18.0
      Strict-Transport-Security:
      - max-age=15552000; preload
      Pragma:
      - no-cache
      Cache-Control:
      - private, no-cache, no-store, must-revalidate
      Expires:
      - Sat, 01 Jan 2000 00:00:00 GMT
      X-Fb-Request-Id:
      - AswkyB80xK38UqGOyWv6soe
      X-Fb-Trace-Id:
      - APoM4bPqV2z
      X-Fb-Rev:
      - '1009550117'
      X-Fb-Debug:
      - bMwsqGTQ8OQup8oDQOc5/1mSAZKE4r86FzddUOF/izun4e4IkT8C+0L+UZ30NQMPMPOQkQ2Daz6Rpg9FE2DXog==
      Date:
      - Sat, 28 Oct 2023 16:47:18 GMT
      Alt-Svc:
      - h3=":443"; ma=86400
      Connection:
      - keep-alive
      Content-Length:
      - '20365'
    body:
      encoding: ASCII-8BIT
      string: '{"data":[{"id":"17937148112750372","caption":"Date night \n\n.\n\n.\n.\n#seal
        #toys #toycollector #sylvanianfamilies #calicocritters #persiancat #retrotoys
        #buyandselltoys #triplets #milkrabbitfamily #sylvaniantown #sylvanian #birthday
        #sylvanianrabbit #sylvanianlover #epoch #sylvaniancollector #cat #bathtime
        #sylvanianrestaurant #food #witch #villageshop #sylvaniancat #shopping #halloween
        #bear #penguin #new #chocolaterabbitfamily","comments_count":5,"like_count":706,"timestamp":"2023-10-27T18:40:50+0000","media_url":"https:\/\/scontent-tpe1-1.cdninstagram.com\/v\/t51.29350-15\/395450959_236041896153218_1716154175688866000_n.jpg?_nc_cat=104&ccb=1-7&_nc_sid=c4dd86&_nc_ohc=yL6MQA1I3zUAX9ua5SI&_nc_ht=scontent-tpe1-1.cdninstagram.com&edm=APCawUEEAAAA&oh=00_AfApo40qYzCLBREIBF9U5timVAkDijW7jHri4NiBPZUbNQ&oe=6542623F","media_type":"IMAGE"},{"id":"17971813616631442","caption":"Bizler
        g\u00f6z\u00fcnde yol ne kadar \u00e7\u0131kmazlarda g\u00f6r\u00fcnse de,
        unutmamak gerekir ki yolda\u015f\u0131n ALLAH olunca  y\u00fcr\u00fcd\u00fc\u011f\u00fcn
        hi\u00e7 bir yolun sonu karanl\u0131\u011fa \u00e7\u0131kmaz...\nElhamd\u00fclillah
        \ud83e\udd0d\n\nHay\u0131rl\u0131 sabahlar \u270b\n\nAllah\u00fcmme Salli
        Ala Seyyidina Muhammedin Ve Ala Ali Seyyidina Muhammed Sallallahu Aleyhi Vesellem
        \ud83c\udf39\n\n#sabahnamaz\u0131 #namaz #kurantilaveti #kuranikerim #kuran\u0131kerimmeali
        #kurantilavetleri #quran #makkah #mekke #g\u00fcndem #gazze #secde #s\u00f6zlerk\u00f6\u015fk\u00fc
        #kesfet #kesfetteyiz #naz\u0131mhikmet #new #newpost #ilahia\u015fk #imanvarsaimkandavard\u0131r
        #hzmevlanas\u00f6zleri #hzmuhammed #yedig\u00fczeladam #\u015fair #\u015femsitebrizi
        #allahuakbar #kalbi_islamin #kadraj #hamd #elhamd\u00fclillah","comments_count":56,"like_count":1081,"timestamp":"2023-10-28T04:00:04+0000","media_url":"https:\/\/scontent-tpe1-1.cdninstagram.com\/v\/t51.29350-15\/395480326_1907145873013363_8691731068486048856_n.webp?stp=dst-jpg&_nc_cat=110&ccb=1-7&_nc_sid=c4dd86&_nc_ohc=-nR-iEQRu9cAX81E9-A&_nc_ht=scontent-tpe1-1.cdninstagram.com&edm=APCawUEEAAAA&oh=00_AfD1ZvfWoN55CZsoIkPO-pZ2RPJta8tGaTtwIoCvceI2fA&oe=6541470D","media_type":"IMAGE"},{"id":"18126897919313557","caption":"bellahadid
        and taylor_hill for albertaferretti \u2764\ufe0f\n.\n.\n.\n#new #newpost #runway
        #runwaymodel #runwaymakeup #runwayfashion #runwayshow #runwaywalk #runwaylook
        #girl #albertaferretti #bellahadid #liketime #likeforlikes #like4likes #followforfollowback
        #follow4followback #follow\uff4de","comments_count":0,"like_count":3,"timestamp":"2023-10-28T16:35:27+0000","media_url":"https:\/\/scontent-tpe1-1.cdninstagram.com\/v\/t51.29350-15\/396745293_259356446672538_505733357126418611_n.jpg?_nc_cat=106&ccb=1-7&_nc_sid=c4dd86&_nc_ohc=deMXsVfDlOkAX9O7HdK&_nc_oc=AQmm5nCI2SSDGCidRhoZMxsMJcNofjXDHSRAo4oYnA__IIMT9ep11tsuI9YiedAcYqg&_nc_ht=scontent-tpe1-1.cdninstagram.com&edm=APCawUEEAAAA&oh=00_AfDUu5pVqYEDCNkWLXLZ21GDCBdEctYEoSZHKKTrAaMveA&oe=6542BBAF","media_type":"IMAGE"},{"id":"17993464148339927","caption":"parallel
        realms\n\n#art #surrealism #digitalart #artsy #arte #gallerywall #artgallery
        #surrealismworld #surrealistly #portal #jellyfish #imagination #artcurator
        #artcollector #albumcover #new #instadaily #instagood #dailyart","comments_count":12,"timestamp":"2023-10-28T15:27:34+0000","media_url":"https:\/\/scontent-tpe1-1.cdninstagram.com\/v\/t51.29350-15\/395661740_751363333582499_3155753570505887375_n.jpg?_nc_cat=111&ccb=1-7&_nc_sid=c4dd86&_nc_ohc=IuZpO7KASBwAX-8tkQE&_nc_ht=scontent-tpe1-1.cdninstagram.com&edm=APCawUEEAAAA&oh=00_AfDBU9u7tC2nhsqvG_RYGH5KRf0m3JnVq5eYDjwdcg_QvA&oe=6541C070","media_type":"IMAGE"},{"id":"18043824097544278","caption":"\ud83d\udea8
        NEW FOR 2024 \ud83d\udea8 PENGUIN TREK! \ud83d\udc27 This double-launching
        indoor-outdoor  coaster is coming to SeaWorld Orlando!! Ending with real penguins,
        the coaster will feature a top speed of 43mph as you launch through over 3000ft
        of ice white track! Featuring a 42in height requirement the ride will be super
        accessible to the whole family!! Are you excited for this B&M prototype family
        attraction?! \n.\n.\n\ud83c\udfa2 Penguin Trek - SeaWorld Orlando (seaworldorlando)\n.\n.\n\u2699\ufe0f
        Bolliger & Mabillard \n.\n.\n\ud83d\udcf8: SeaWorld Orlando\n\ud83d\udcf1:
        Use #ParkParadise\n.\n#breaktheice #orlando #viral #viralpost #florida #rollercoaster
        #amusementpark #themepark #coaster #travel #seaworld #seaworldorlando #premierrides
        #travelphotography #coastercapital #travelblogger\u00a0#freizeitpark\u00a0#achterbahn\u00a0#monta\u00f1arusa\u00a0#parquedediversoes\u00a0#thrillseeker
        #ridewithace #instaTPR #ACErepost #Travel #\u8fc7\u5c71\u8f66\u00a0#\u30b8\u30a7\u30c3\u30c8\u30b3\u30fc\u30b9\u30bf\u30fc
        #PenguinTrek #new","comments_count":4,"like_count":552,"timestamp":"2023-10-27T15:46:22+0000","children":{"data":[{"id":"17848088541079074"},{"id":"17985193760272282"},{"id":"17969554922494601"},{"id":"17985977102271133"},{"id":"17854664709033223"},{"id":"17977509851555069"},{"id":"17935657367749644"},{"id":"17913830126752363"}]},"media_type":"CAROUSEL_ALBUM"},{"id":"17977906661567646","caption":"Coming
        soon \ud83d\udca5\n.\n.\n.\n.\ncomingsoon #staytuned #music #love #newmusic
        #new #fashion #art #follow  #instagood #smallbusiness  #instagram #artist
        #like #youtube  #handmade #bookstagram #film #photography #repost #style #explorepage
        #beauty #design #spotify #musicvideo #dancevideo","comments_count":1,"like_count":7,"timestamp":"2023-10-28T16:19:12+0000","children":{"data":[{"id":"18037175713586971"},{"id":"18007254335082762"},{"id":"17855505231055141"},{"id":"18097450726363460"},{"id":"18006083192032163"},{"id":"18040195720561379"},{"id":"18392623162016692"},{"id":"17888846090930056"},{"id":"18388586551011375"},{"id":"18272376169087678"}]},"media_type":"CAROUSEL_ALBUM"},{"id":"18008421002003054","caption":"\u270c\ud83c\udffb\ud83d\udc51\ud83e\udd85\n.\n.\n.\n#abhigaikwad0011
        #instagram #trending #explore #explorepage\u2728 #insta #newpost #new #postoftheday","comments_count":68,"like_count":13563,"timestamp":"2023-10-28T15:53:31+0000","media_url":"https:\/\/scontent-tpe1-1.cdninstagram.com\/v\/t39.30808-6\/396467077_18294919873123254_3560664127719962498_n.jpg?_nc_cat=107&ccb=1-7&_nc_sid=c4dd86&_nc_ohc=m3ESCOt5TScAX_ToD6w&_nc_ht=scontent-tpe1-1.cdninstagram.com&edm=APCawUEEAAAA&oh=00_AfChoYEHY54EMzbT0N62-52ZqbiQN2IlKew6HOXAb-7hKQ&oe=65418F13","media_type":"IMAGE"},{"id":"17983788011312297","caption":"Alex
        as Terrie Carpenter. \ud83e\udd0d\n\n[Love In Store (2020)] \n\n---\n\n#AlexandraBreckenridge
        #AlexBreckenridge #AlexBreck #MelMonroe #MelindaMonroe #JackSheridan #MartinHenderson
        #MelandJack #Melack #Melck #VirginRiver #VirginRiverNetflix #VirginRiverSeries
        #VirginRiverSeason5 #Vancouver #BookSeries #ThisIsUs #AmericanHorrorStory
        #TheWalkingDead #LoveInStore #FYP #Explore #New #NewPost","comments_count":1,"timestamp":"2023-10-28T16:03:03+0000","media_url":"https:\/\/scontent-tpe1-1.cdninstagram.com\/v\/t51.29350-15\/396382495_716136596555086_4752239369742451504_n.webp?stp=dst-jpg&_nc_cat=109&ccb=1-7&_nc_sid=c4dd86&_nc_ohc=4IYL2hYrPnUAX_IWcP0&_nc_ht=scontent-tpe1-1.cdninstagram.com&edm=APCawUEEAAAA&oh=00_AfC-iFWhG0gIbRS0XVFnJ2OFWiZdT5Oq9NDs1dEh6Y5psA&oe=6542C74E","media_type":"IMAGE"},{"id":"18039678997511030","caption":"bluefasebabyy
        says he\u2019s a married man, & damama karlissa_angelic has some words in
        regards to chriseanchriseanchrisean live this morning \ud83d\udc40\ud83d\ude2d\ud83d\ude02
        jaidyn look annoyed asf\n\u2022\n\u2022\n\u2022 #explore #ig #fyp #blueface
        #chriseanrock #reels #trending #instagood #instagram #follow #like #share
        #comment #new #baby #bgc #mama #trendingreels #family #baddies #baddieseast
        #bbl #babymama #followme #chriseanmalonejr #chrisean #babyboy #boy #boymom
        #jaidynalexxis","comments_count":62,"like_count":300,"timestamp":"2023-10-28T00:15:03+0000","children":{"data":[{"id":"17943846932626090"},{"id":"18269975962082016"},{"id":"17862622647024369"}]},"media_type":"CAROUSEL_ALBUM"},{"id":"17889662900928355","caption":"Selfie
        \ud83e\udd0d\n\u2014\u2014\u2014\u2014\u2014\u2014\n#instagram #instagood
        #instalike #instadaily #instamood #postoftheday #newpost #new #picoftheday
        #love #amour #smile #happy #like #liketime #follow #french #france #frenchgirl
        #montlu\u00e7on #03 #allier #auvergne #clermontferrand #clf #art #beauty #fashion
        #style #girl","comments_count":40,"like_count":291,"timestamp":"2023-10-28T15:38:34+0000","media_url":"https:\/\/scontent-tpe1-1.cdninstagram.com\/v\/t51.29350-15\/395701280_686936923524016_2914250082768121607_n.jpg?_nc_cat=106&ccb=1-7&_nc_sid=c4dd86&_nc_ohc=jG-YoSYED9MAX8r7A7d&_nc_ht=scontent-tpe1-1.cdninstagram.com&edm=APCawUEEAAAA&oh=00_AfCHf47oJRBzZeohUwcN7aWYDxh3jcdCFrahSeDrpMTudg&oe=654210E5","media_type":"IMAGE"},{"id":"18065637250447493","caption":"Follow
        krna n bhule hme \ud83e\udd1f\ud83e\udd1f\ud83d\udea9\ud83d\udea9\ud83d\ude4f\ud83c\udffe\n\n#dhirendrakrishnashastri
        #bageshwar_dham_sarkar #bageshwardhamsarkar #bageshwardham #bhakti_ke_video
        #devotee #hanumanji #jaishreeram #viralbhakti #instagram #new #newreel ##mahakastatus
        #khatushayam #brindavan #ayodhya #ramsita #ramayan #Mahabharata #shreekrinshna
        #bhaktisagar #bhaktimarga #dhirendrakrishnashastri #bageshwardhamofficial3
        #sanatandharma\ud83d\udea9\ud83d\ude4f\ud83c\udf3f\ud83d\udd49\ufe0f","comments_count":10,"like_count":304,"timestamp":"2023-10-28T15:06:11+0000","media_url":"https:\/\/scontent-tpe1-1.cdninstagram.com\/v\/t51.29350-15\/397252735_884422319872967_4792617346888688620_n.webp?stp=dst-jpg&_nc_cat=102&ccb=1-7&_nc_sid=c4dd86&_nc_ohc=18lVJjC5dxsAX9Im9-j&_nc_ht=scontent-tpe1-1.cdninstagram.com&edm=APCawUEEAAAA&oh=00_AfB-D63w4jL4jxcpXlSqhgkcHsV_O-E7FGlWH--v8Bie0g&oe=654157F4","media_type":"IMAGE"},{"id":"18018474430851608","caption":"Trunks
        \ud83d\udc09\ud83d\udcaa\ud83c\udffb\ud83d\udc4a\ud83c\udffb\n\u2022\n\u2022\n\u2022\n\u2022\n\u2022\n\u2022\n\u2022\n\u2022\n#dbgt
        #dbs #dbsuper #dragonballz #dragonball #saiyan #supersaiyan #manga #anime
        #art #drawing #drawingoftheday #drawings #sketch #draw #artist #digitalart
        #share #design  #explorepage #cool #new #progress #comment #process #illustration
        #goku #vegeta #explore","comments_count":0,"like_count":4,"timestamp":"2023-10-28T16:36:12+0000","children":{"data":[{"id":"18004142537116678"},{"id":"17976678083391015"},{"id":"17998732583222301"},{"id":"18079181173374005"},{"id":"18010686232986807"}]},"media_type":"CAROUSEL_ALBUM"},{"id":"17986324526398131","caption":"osman\u2764bala\n\nozgeetoreroffical
        \nburakozcivit \n\n#kurulu\u015fosman #kurulusdizisi #atv #\u00f6zy\u0131l
        #balhun #balahatun #balasultan #malhunhatun #malhunsultan #\u00f6zget\u00f6rer
        #ozgesultan #\u00f6zge #y\u0131ld\u0131z\u00e7a\u011fr\u0131atiksoy #y\u0131ld\u0131z
        #yildizsultan #new #kurulu\u015fosmanseason5 #season5 #sezon5","comments_count":0,"like_count":460,"timestamp":"2023-10-28T12:48:34+0000","media_url":"https:\/\/scontent-tpe1-1.cdninstagram.com\/v\/t51.29350-15\/395643003_182310241595457_1763836641354381152_n.webp?stp=dst-jpg&_nc_cat=100&ccb=1-7&_nc_sid=c4dd86&_nc_ohc=Etgfjie0cP8AX8Zo4l1&_nc_ht=scontent-tpe1-1.cdninstagram.com&edm=APCawUEEAAAA&oh=00_AfCndtpfgZ1BAqrx9eHqQ4-hbiEMrSdZ5qyCVUJjoNzKkA&oe=65415861","media_type":"IMAGE"},{"id":"18281512603154043","caption":"Sch\u00f6nes
        Wochenende \u2764\ufe0f \n\n#girly #hair #instagood #instamodel #instame #picoftheday\ud83d\udcf7  #photography
        #photo #smile #new #followme #tattoos #inkedgirl #inked #tattooedgirls #happy
        #new #redhair #tattoo #colorful #photography #photoshoot #bikini #graffiti","comments_count":55,"like_count":4113,"timestamp":"2023-10-28T16:08:32+0000","media_url":"https:\/\/scontent-tpe1-1.cdninstagram.com\/v\/t51.29350-15\/395727249_865821525236982_1700427045888683979_n.heic?stp=dst-jpg&_nc_cat=101&ccb=1-7&_nc_sid=c4dd86&_nc_ohc=b_LLa7RqCzoAX9Tnd4o&_nc_ht=scontent-tpe1-1.cdninstagram.com&edm=APCawUEEAAAA&oh=00_AfDBjhe1gYugvf5JZ3MjxhoivoGyNnjXYU9pyPC_cE0Jrg&oe=65427881","media_type":"IMAGE"},{"id":"18007016939040441","caption":"more
        days like these please :)\n.\n.\n.\n.\n.\n.\n.\n.\n.\n.\n.\n.\n.\n.\n.\n.\n.\n.\n.\n.\n.\n.\n.\n.\n.\n.\n.\n.\n.\n.\n.\n.\n.\n.\n.\n.\n.\n.\n#pool#poolday#pooltime#poolside#tb#tbt#goodvibes#goodolddays#blue#blues#instagram#instagood#instadaily#insta#instamood#instalike#insta#instaphoto#instapic#evening#eve#new#capricorn#igfl#flf#i#india#northeast#assam#silchar","comments_count":14,"like_count":883,"timestamp":"2023-10-27T14:22:27+0000","children":{"data":[{"id":"18128089084311055"},{"id":"18013645273812671"},{"id":"18032476051624713"},{"id":"18242367526228472"}]},"media_type":"CAROUSEL_ALBUM"},{"id":"18007587803068236","caption":"A
        trailer should be dropping around November 6th, I believe.\n#yusuke #yusukeurameshi
        #hiei #hieijaganshi #kurama #shuichi #shuichiminamino #kuwabara #kuwabarakazuma
        #anime #manga #new #otaku #yyh #yuyuhakusho #demon #badass #beast #emo #edgelord
        #antihero #otaku4ever #otaku4life #otakuforever","comments_count":68,"like_count":1056,"timestamp":"2023-10-27T17:36:46+0000","media_url":"https:\/\/scontent-tpe1-1.cdninstagram.com\/v\/t51.29350-15\/395526465_799473078597229_4143656973704565219_n.heic?stp=dst-jpg&_nc_cat=108&ccb=1-7&_nc_sid=c4dd86&_nc_ohc=64nwyxyOYVIAX8X0jEs&_nc_ht=scontent-tpe1-1.cdninstagram.com&edm=APCawUEEAAAA&oh=00_AfA_SNFDyj1uMH_4DznCf66pL9gfMkcCc2f4XRWojnAz6g&oe=6543137F","media_type":"IMAGE"},{"id":"17997380600204343","caption":"#dushera
        #dusheraspecial #ram #ravan #rambhakt #ramlila #dusherra #reelkarofeelkaro
        #reels #like #love #instabook #instafamily #instalike #instagram #share #new
        #art #artist #artwork #artgallery #drawings #draw #pensildrawing #sketch #easyandsimplesketches","comments_count":1,"like_count":3,"timestamp":"2023-10-28T16:25:52+0000","media_url":"https:\/\/scontent-tpe1-1.cdninstagram.com\/v\/t51.29350-15\/395794211_260316246573872_3457676716288582416_n.webp?stp=dst-jpg&_nc_cat=102&ccb=1-7&_nc_sid=c4dd86&_nc_ohc=ByKmF3xMQ9UAX8bRRrx&_nc_ht=scontent-tpe1-1.cdninstagram.com&edm=APCawUEEAAAA&oh=00_AfBQNsq1CI9pdyV1sZl4C2FUHu4P7WEuRCOqzQ-PHvHA4g&oe=6541F607","media_type":"IMAGE"},{"id":"17996742230253405","caption":"\ud83d\udd25\ud83d\udd25\ud83d\udd25\ud83d\udd0c\ud83d\udd0c\ud83d\udd0c
        #bookme #fyp #foryoupage #tik #tiktok #trending #houseoftiktok #houstonhairstylist
        #houstonbraider #houstontx #boss #entrepreneur #halloween #family #new #gifted
        #blessed #nice #neat #work #clockin #support #lace #rare #palace #salon #plug
        #book #me","comments_count":6,"like_count":4,"timestamp":"2023-10-28T15:57:57+0000","media_url":"https:\/\/scontent-tpe1-1.cdninstagram.com\/v\/t51.29350-15\/395536088_772984951259156_7025775147661330734_n.jpg?_nc_cat=100&ccb=1-7&_nc_sid=c4dd86&_nc_ohc=XztYGX_1TFQAX-LXSRY&_nc_ht=scontent-tpe1-1.cdninstagram.com&edm=APCawUEEAAAA&oh=00_AfCjyLSTKwdjFCTjU7lbYkDWfEud1FWGuww5N1TzZbUD9A&oe=65429858","media_type":"IMAGE"},{"id":"18056089687477342","caption":"#viralvideos
        #fyp #viralpost #beauty #kerala #picoftheday #dance #art #cute #mumbai #funny
        #onlineshopping #foryoupage #comment #fashionblogger #youtube #meme #trendy
        #nature #followme #lifestyle #tamil #life #photoshoot #reelsinstagram #new
        #motivation #funnymemes #instafashion #share\ud83d\udc48\ud83d\udc4d\ud83d\udc4d","comments_count":0,"like_count":7,"timestamp":"2023-10-28T16:01:37+0000","media_url":"https:\/\/scontent-tpe1-1.cdninstagram.com\/v\/t51.29350-15\/396957471_996782194889815_3071868530353366043_n.heic?stp=dst-jpg&_nc_cat=106&ccb=1-7&_nc_sid=c4dd86&_nc_ohc=GIECkBB8cxoAX9yizza&_nc_ht=scontent-tpe1-1.cdninstagram.com&edm=APCawUEEAAAA&oh=00_AfDOZ_nzy8QI1Upb-HOn6T7xvJri0DcEhXgtT9V-NqrUhQ&oe=6542AF85","media_type":"IMAGE"},{"id":"17861836407034518","caption":"\ud83e\udd0d\n.\n.\n\n.\n.\n.\n.#reels
        #reel #reelsinstagram #fyp #foryou #explorepage #halflove #aesthetic #aestheticvideos
        #\uff41\uff45\uff53\uff54\uff48\uff45\uff54\uff49\uff43 #aesthetics #heart
        #love #new #explore #fypage #reelitfeelit #reelindia #songs #viral #instagram
        #fyp #instagood #viralreel #explore","comments_count":0,"timestamp":"2023-10-28T16:25:38+0000","children":{"data":[{"id":"17975149541435234"},{"id":"18270672022084154"}]},"media_type":"CAROUSEL_ALBUM"},{"id":"18010739842979773","caption":"Keep
        the scary bad smells away with jaxwax.ca coconut odour control! \ud83d\ude0d\ud83e\udd65","comments_count":1,"like_count":6,"timestamp":"2023-10-28T16:25:50+0000","children":{"data":[{"id":"17868524183963050"},{"id":"18397703806001030"}]},"media_type":"CAROUSEL_ALBUM"},{"id":"17956420253679955","caption":"For
        All type of Masonic Accessories Visit our Instagram page or share any picture
        to us \nJust Share your ideas with us it will come to you in a beautiful Result
        \n\nShipping Worldwide \ud83c\udf0e \nEmail us for Any Custom Design you want
        \nInfo\u0040harborents.com , harborents\u0040gmail.com\nWhatsApp: +92 325
        071 1774\n\n#mason #masonic #masonictemple #masonicbrothers #freemasonic #freemason
        #freemasonic #masterpiece #mastermason #mastermasons #bluelodge #bluelodgemason
        #handembroidery #masonicapron #masonicaprons #masonicaccessories #hotsale
        #new #masonicflags  #harbor_ents #pastmaster #pastmasters  #knighttemplar
        #masonicbanners  #masonicbanner  #pastmaster #pastmasters #masonicofficers
        #lodge #masonicsupplies  #instagramforbusiness #instagram","comments_count":0,"like_count":1,"timestamp":"2023-10-28T16:30:29+0000","media_url":"https:\/\/scontent-tpe1-1.cdninstagram.com\/v\/t39.30808-6\/395371301_242420545497654_1399771119694349987_n.jpg?_nc_cat=111&ccb=1-7&_nc_sid=c4dd86&_nc_ohc=QdTwM1i_SjAAX9tIsXa&_nc_ht=scontent-tpe1-1.cdninstagram.com&edm=APCawUEEAAAA&oh=00_AfB0QJG47d6jwlKzjWdiv9RveKfnZBqbANCKHtTocyn0mg&oe=65429373","media_type":"IMAGE"},{"id":"18048140482516838","caption":"\ud835\uddd6\ud835\uddf4
        \ud835\ude01\ud835\uddf6\ud835\ude01\ud835\uddee\ud835\uddfb\ud835\uddfc\ud835\uddf3\ud835\uddf6\ud835\uddf0\ud835\uddf6\ud835\uddee\ud835\uddf9\ud83c\udfc1\u26a1
        \ud83d\ude80\ud83d\udd25\n\n.\n.\n.\n.\n.\n.\n.\n.\n#cg\u00a0 #cgtitan #cgtitan150cc
        #cglon #new #newtitan #newtitan150\ud83c\udde6\ud83c\uddf7\ud83d\udd25 #honda
        #hondatitan\ud83d\ude0d #cgtitanclub #hondarribia #newtitan\ud83d\ude0d\ud83d\udcaa\ud83c\udfc1
        #cgtitan150cc #cglonargentino","comments_count":2,"like_count":747,"timestamp":"2023-10-28T13:40:54+0000","children":{"data":[{"id":"17993553758122173"},{"id":"18006720659099396"}]},"media_type":"CAROUSEL_ALBUM"},{"id":"17944180127718160","caption":"\ud83c\uddec\ud83c\uddf7
        Kalispera \n.\n.\n.\n.\n.\n#new #photo #photography #dinner #nightout #new
        #newpost #photooftheday #cool #fun #wine #black #night #white #men #menstyle
        #menfashion #menwithstyle #insta #instagood #instadaily #greece #bulgarian
        #europe #greecetravel #greecelover #igtravel #igdaily #travel #forfun #smile","comments_count":6,"like_count":76,"timestamp":"2023-10-28T16:18:21+0000","media_url":"https:\/\/scontent-tpe1-1.cdninstagram.com\/v\/t51.29350-15\/396249708_873988117474114_8375964772380127576_n.jpg?_nc_cat=102&ccb=1-7&_nc_sid=c4dd86&_nc_ohc=R1yx-30zSOgAX8q67Ho&_nc_ht=scontent-tpe1-1.cdninstagram.com&edm=APCawUEEAAAA&oh=00_AfBsy3RFj8Axaxx5nUosHuusTTjiFRJ8a1FffmoqDb0PHA&oe=6541C462","media_type":"IMAGE"},{"id":"17977220147606930","caption":"New
        post \ud83d\udd25\u26a0\ufe0f\n\n#mr_Hemant_y1 #chhindwaracity #chhindwaracity\ud83d\ude0d
        #chhindwara #i #india #instagram #instagood #instamood #love #loveislove #likesforlike
        #lover #fyp #fyp \u30b7 #tiktok #trending #new #post #newpost","comments_count":1,"like_count":8,"timestamp":"2023-10-28T16:34:18+0000","media_url":"https:\/\/scontent-tpe1-1.cdninstagram.com\/v\/t51.29350-15\/396401546_879048950231181_3890665681735588156_n.jpg?_nc_cat=100&ccb=1-7&_nc_sid=c4dd86&_nc_ohc=2ioeUneQdgQAX_sDdde&_nc_ht=scontent-tpe1-1.cdninstagram.com&edm=APCawUEEAAAA&oh=00_AfAtdvNrqhcXRprAQAT5g1ebw0xNhEElfXyDnZ_D71Zddw&oe=6541553A","media_type":"IMAGE"}],"paging":{"cursors":{"after":"YzI5NDkwZATdlNTA1NDMzYjllYTRiN2YyMDhmZAmJhNzMZD"},"next":"https:\/\/graph.facebook.com\/v18.0\/17842307719068454\/top_media?user_id=17841462175987660&fields=id,caption,comments_count,like_count,timestamp,\u002520media_url,\u002520children,\u002520media_type&access_token=<INSTAGRAM_TOKEN>&limit=25&after=YzI5NDkwZATdlNTA1NDMzYjllYTRiN2YyMDhmZAmJhNzMZD"}}'
  recorded_at: Sat, 28 Oct 2023 16:47:18 GMT
- request:
    method: get
    uri: https://graph.facebook.com/v18.0/wronghashtagID/top_media?access_token=<INSTAGRAM_TOKEN>&fields=id,caption,comments_count,like_count,timestamp,%20media_url,%20children,%20media_type&user_id=17841462175987660
    body:
      encoding: US-ASCII
      string: ''
    headers:
      Accept-Encoding:
      - gzip;q=1.0,deflate;q=0.6,identity;q=0.3
      Accept:
      - "*/*"
      User-Agent:
      - Ruby
  response:
    status:
      code: 400
      message: Bad Request
    headers:
      Vary:
      - Accept-Encoding
      - Origin
      Access-Control-Allow-Origin:
      - "*"
      Cross-Origin-Resource-Policy:
      - cross-origin
      X-App-Usage:
      - '{"call_count":0,"total_cputime":0,"total_time":0}'
      Content-Type:
      - application/json; charset=UTF-8
      Www-Authenticate:
      - OAuth "Facebook Platform" "invalid_request" "Unsupported get request. Object
        with ID 'wronghashtagID' does not exist, cannot be loaded due to missing permissions,
        or does not support this operation. Please read the Graph API documentation
        at https://developers.facebook.com/docs/graph-api"
      Facebook-Api-Version:
      - v18.0
      Strict-Transport-Security:
      - max-age=15552000; preload
      Pragma:
      - no-cache
      Cache-Control:
      - no-store
      Expires:
      - Sat, 01 Jan 2000 00:00:00 GMT
      X-Fb-Request-Id:
      - AQ-6O0rQtE28HI3q9bWBh3Z
      X-Fb-Trace-Id:
      - FSfjdGp+nYP
      X-Fb-Rev:
      - '1009551078'
      X-Fb-Debug:
      - Wcpnt97rQxV97kFkhaRXryH5WYkcCcWnAhUkdCtEqFNpXK7m6GCIhW0YSY2xTMXzenToFphn0SfGaUD3KXnf6w==
      Date:
      - Sat, 28 Oct 2023 16:47:18 GMT
      Proxy-Status:
      - http_request_error; e_clientaddr="AcLN2VBCEXCgxqtxtpbWjP8PW-Vhzv_HaERJRMmbc5H5RtlFrt9DEfFqsaJevpZuZI42Az08ERP58gxFqkTn6nFQJnFOJ5bOeaIim7auh_iwQA";
        e_fb_vipport="AcKFXGGioCwLvIPlpqSIK_vqPdPjHQ-xPeRM-1e15tPAGZ3RgL02Zje-f2kZ";
        e_upip="AcIGf8gIPQTJwRTg_Eon4NQM_CRHuxF8TUyqIxCOqHR9TcI7RTgwZxZVC0NsvbU3o4WTtP80uKMuxpZgVFuJGUNK6y4Dy8RQWw";
        e_fb_hostheader="AcJI_CI7I-pIbfHLNz3EBh3F8dn0CPuBMEosnxhtKyVI0HBoYE9q1PXIpRGuSKSmTFeQEbajL89qRgUA";
        e_fb_vipaddr="AcLpcdyka-FH4VBn4LUqt1Ujea4vMpIuy31LBlKcsN05cNPr0xhJseYCSC0a269Yyfh0h1_e6uh56ps1ETEN-C-DDzm0LUlE";
        e_fb_requesthandler="AcKLus4WCAteq-N-g8r2ns9Y1XcRO-ITTVRSfmHJXyZ3_g8P00hZCaD91ajb5vASsLcpGqvenV0";
        e_fb_builduser="AcJwhic6tSJFKqCreVohyKxs1YDCbL6mDN-2CuWobO7-gsaJVcA72-DENS7hFbz9D38";
        e_fb_binaryversion="AcJMllRJc6saviatb61II53949bNI9mxJx1HJQLWpn1jl2mlEpwGUA9twfymvAiD16OmS57KRGfs30Vc0vK-0J78RMsEICt0Rc0";
        e_proxy="AcILF11C8DFE1mJefbA52wdstqxBzdxKK3QWRHCcPD9YTghulgbkQnRIJ3uYIpAQ3jCpt_VjEAhsqI_0R896",
        http_request_error; e_clientaddr="AcII6EDBiZUAB2YfVunE546-sWh6uhpLYoPfivfxJk_FmFWX3KuGh03cFCfBJXKycdf5dDuDwKByrjx2Q3g";
        e_fb_vipport="AcILJxsBpIDbLh0SPyglE99CgsYWmbeSR7ff1l77rQuKW1WkQgIt6dNKPVyH";
        e_upip="AcIwuUaSsC817wZw3oUiojmOnI_8MX7zACYZYAidG2XgfsTwpaMbxPRBnKCMgJ8WCG8Xbm3RZ9kM1bhl-jxXbko_dw3kk5GR";
        e_fb_hostheader="AcIVztaRd7jO5rtE97o7wU19-nPdD00LM9fCbl0wTw7GdVBh8OB_zkWtOrLrmKfn5fUAABiWBlk_7DHr";
        e_fb_vipaddr="AcKgZnua9hqZjbqWnNcgkenHBJnIL3Sx_OTDt51tTgyzCodCRZgEEZdqltcimJZ2QKMW7Q";
        e_fb_requesthandler="AcIZjhRS5HhnxNobAFvB4cSmS9UrsVyJNCWmmocX79h98MIvRK2aca56kA5IaAGuPwYG1x47wMI";
        e_fb_builduser="AcKp4xzzQR3w0yejQzKj5XhyFOzIcYas7wc2wiLeq3tym3U7eqfIUxOTauf_8eIuXSA";
        e_fb_binaryversion="AcLw9bzPkzLk2OObCSZiBZeYW39R45eknS194mz9JT0i3Pkb6tvWTnsNUUgp6elaVahHekbDn55pSLysxEH5Rju7SBRGpUprFIE";
        e_proxy="AcLj2sZ0g4MMZz_RBerU3rjcziAdLzz60C1A52LQYGjntuj0BO0nNyC93l6iqOlZypv9BB7sCJ1wwUk"
      Alt-Svc:
      - h3=":443"; ma=86400
      Connection:
      - keep-alive
      Content-Length:
      - '370'
    body:
      encoding: ASCII-8BIT
      string: '{"error":{"message":"Unsupported get request. Object with ID ''wronghashtagID''
        does not exist, cannot be loaded due to missing permissions, or does not support
        this operation. Please read the Graph API documentation at https:\/\/developers.facebook.com\/docs\/graph-api","type":"GraphMethodException","code":100,"error_subcode":33,"fbtrace_id":"AQ-6O0rQtE28HI3q9bWBh3Z"}}'
  recorded_at: Sat, 28 Oct 2023 16:47:19 GMT
- request:
    method: get
    uri: https://graph.facebook.com/v18.0/wronghashtagID/top_media?access_token=BAD_TOKEN&fields=id,caption,comments_count,like_count,timestamp,%20media_url,%20children,%20media_type&user_id=BAD_ACCOUNT_ID
    body:
      encoding: US-ASCII
      string: ''
    headers:
      Accept-Encoding:
      - gzip;q=1.0,deflate;q=0.6,identity;q=0.3
      Accept:
      - "*/*"
      User-Agent:
      - Ruby
  response:
    status:
      code: 400
      message: Bad Request
    headers:
      Vary:
      - Origin
      Access-Control-Allow-Origin:
      - "*"
      Content-Type:
      - application/json; charset=UTF-8
      Www-Authenticate:
      - OAuth "Facebook Platform" "invalid_token" "Invalid OAuth access token - Cannot
        parse access token"
      Strict-Transport-Security:
      - max-age=15552000; preload
      Pragma:
      - no-cache
      Cache-Control:
      - no-store
      Expires:
      - Sat, 01 Jan 2000 00:00:00 GMT
      X-Fb-Request-Id:
      - AQeTRlViBN9cLAFW9X7u1if
      X-Fb-Trace-Id:
      - AfcRuKvTC0F
      X-Fb-Rev:
      - '1009550117'
      X-Fb-Debug:
      - w5g3ZlzxpGPRFXtpEdzDAvnpBa1SlVjHa8GYMYi+fuwhnKlBYADGyh+4jz0clGxJU27qysELcQGkjbS6UzGQ+w==
      Date:
      - Sat, 28 Oct 2023 16:47:19 GMT
      Proxy-Status:
      - http_request_error; e_clientaddr="AcJ0vB8oGI7IeLU6KWGH3RNiTN-vBEXgYjiLLI7DX9wTQD0cdVMvYChwg_WJuZBh4IjUr8HVWD5DGhQZuqX7zALflpuNrBSw3bst-ZZYqa-asQ";
        e_fb_vipport="AcLqQGhzYj4eKH_MqOL6VMyvMk-PFEahrc7POT4QcDXS396Uyv2Y9U34LhI5";
        e_upip="AcLvX1zLesr5VMH4Igqzcbp4BTBYCxyi1tS6ZapCJIJPjtO2t--k_yf6Rfy5LBOsSjTTHEjsURQEF0cV1eTwbPsJvpRiWGH5Hg";
        e_fb_hostheader="AcKIKHtEv41GpipChb_dXCIMH1Bb5Rf4uGhhyko0hROcnE8t9s_esAESTO03ElqPoUC17XmBg22o3lXa";
        e_fb_vipaddr="AcIjjIq8eBK8gFdf-6_N4MdUrOYB80WlwfqGJEBLPF2FH7d0VMhfoldBdhwGFecoaMgXkZgkGgw5npHcIClr0C-7Et1x3Wzg";
        e_fb_requesthandler="AcJDp3azVqoFZGyvPeSB-t8WWolnNqOKTAJE_KyXUBiuNKIXwUXFxnkCTtAPZXuxwMmIyNR_sb4";
        e_fb_builduser="AcKX4pXzU5GW-rGMeePSOZyK-zNGHP-U4kseJIhEoS7U_jpaRV9lyFr0OcBjdg6_y-8";
        e_fb_binaryversion="AcIYFtLkL_wkABZZvlXDP48yklLkQzDIQCMtXITjTk_qsIFMTckyVHX1DSpVLtIffdLYmywl1hDfzrJYMLnoQNWzkWJPgEZ23uc";
        e_proxy="AcIDVFZH-mYD9xQg7lhmct84fuNLonoIGMAWJjh8ONiAsCZLB6o92peqHNwwTcVSY6Tm9X60VL-EmNBlVpgg",
        http_request_error; e_clientaddr="AcI-z9cw6fiwT5Lodjhft97QdhzCIU99RJGANILNhgf59t3jHz7dX9mHQSAZfDk-hwzPHVNfR_5ps2N9iu4";
        e_fb_vipport="AcLHE28zoEziiwy2S9RlwHWF6vnJNEOppsVFzDbYPxUXo6Nkz-TAdlM8gFJJ";
        e_upip="AcK0YBKAhBhdWXjYOypJDArpobc-DZ9e9r00LZDIB2T3MmQeCLHmdrlBUvQ7MzuLDFaK2DOPzyxZaqJdBtuOcNqVGGGUaIqp";
        e_fb_hostheader="AcLywYfjgEjz7q45iuA7iRiGd_ZK-CS4Sfv0_vmhKo9GxWnlpREFlVihapYk_wRfoP28uVO9KwtEpo90";
        e_fb_vipaddr="AcI6w6ECw6E3cEWjGR9NqPcb9Xzsrr4OURUgiE-ogZD9-rm_qLtNCk8SGUhQJj2GfBKaFw";
        e_fb_requesthandler="AcJ3B1rSIrBj_ma86fj7EP51d_Im3vzg0X5-BNk7w-JlpjMN8T3v4cVRolVBsDKLsSw_nQvjhBI";
        e_fb_builduser="AcJn_ttokFk-rbHJFcTUzn36INmcECzJa20ERig1PAVtk8b6zmnCeGodwIE7AmUdGI8";
        e_fb_binaryversion="AcJkvOCOohlzkRJw0Gf-LEowM4TqCjdkkU9iWlN2s6G4oJQ7clbaBAwTR5Jnbt2ADpkVjjCg2LWuvNN3ZSqXQmw-uWekqYpSYpY";
        e_proxy="AcKnjjJnu3fsnorYwkNnRFA2vLFqIAuEmlOeKY27Cwkip2rHQUL639is1XVtfCvX5UNtdzOZ5LvI-cA"
      Alt-Svc:
      - h3=":443"; ma=86400
      Connection:
      - keep-alive
      Content-Length:
      - '152'
    body:
      encoding: UTF-8
      string: '{"error":{"message":"Invalid OAuth access token - Cannot parse access
        token","type":"OAuthException","code":190,"fbtrace_id":"AQeTRlViBN9cLAFW9X7u1if"}}'
  recorded_at: Sat, 28 Oct 2023 16:47:19 GMT
- request:
    method: get
    uri: https://graph.facebook.com/v18.0/17842307719068454/top_media?access_token=<INSTAGRAM_TOKEN>&fields=id,caption,comments_count,like_count,timestamp,media_url,children,media_type&user_id=17841462175987660
    body:
      encoding: US-ASCII
      string: ''
    headers:
      Accept-Encoding:
      - gzip;q=1.0,deflate;q=0.6,identity;q=0.3
      Accept:
      - "*/*"
      User-Agent:
      - Ruby
  response:
    status:
      code: 200
      message: OK
    headers:
      Etag:
      - '"1017d6abe25941ee631a0adf7ce5234a6b0ba425"'
      Content-Type:
      - application/json; charset=UTF-8
      Vary:
      - Accept-Encoding
      - Origin
      X-Business-Use-Case-Usage:
      - '{"17841458759178694":[{"type":"instagram","call_count":1,"total_cputime":1,"total_time":1,"estimated_time_to_regain_access":0}],"17841460934197599":[{"type":"instagram","call_count":0,"total_cputime":0,"total_time":0,"estimated_time_to_regain_access":0}],"17841446458368270":[{"type":"instagram","call_count":0,"total_cputime":0,"total_time":0,"estimated_time_to_regain_access":0}],"17841461392348945":[{"type":"instagram","call_count":0,"total_cputime":0,"total_time":0,"estimated_time_to_regain_access":0}]}'
      Access-Control-Allow-Origin:
      - "*"
      Facebook-Api-Version:
      - v18.0
      Strict-Transport-Security:
      - max-age=15552000; preload
      Pragma:
      - no-cache
      Cache-Control:
      - private, no-cache, no-store, must-revalidate
      Expires:
      - Sat, 01 Jan 2000 00:00:00 GMT
      X-Fb-Request-Id:
      - ApkcxC21ViswUutofWyYdZw
      X-Fb-Trace-Id:
      - D401oe41xYx
      X-Fb-Rev:
      - '1009767600'
      X-Fb-Debug:
      - rZzQQEZmSJlzwQqfbuCfCrRLUD3S5yOOdCMtljTf27+UbDFfQAarbQwgpU2u+yDYhd7UDyp3MbJptcwNUvJI1w==
      Date:
      - Wed, 08 Nov 2023 16:53:41 GMT
      Alt-Svc:
      - h3=":443"; ma=86400
      Connection:
      - keep-alive
      Content-Length:
      - '20525'
    body:
      encoding: ASCII-8BIT
      string: '{"data":[{"id":"17981047181598682","caption":"#NEW \u261e KATE IN UNIFORME
        MILITARE COME COLONNELLO DELLE QUEEN''S DRAGOON GUARDS \ud83e\ude96\ud83e\udd29\n\n\ud83c\uddee\ud83c\uddf9La
        Principessa del Galles ha fatto la sua prima visita alla prima Guardia dei
        Dragoni della Regina presso la caserma Robertson nel Norfolk, da quando \u00e8
        stata nominata colonnello in capo dal Re in agosto\n\nLa Principessa ha indossato
        con mimetica militare mentre visitava il Reggimento della Queen''s Dragoon
        Guards. Catherine si \u00e8 unita ai membri delle Dragoon Guards facendo esperienze
        militari come guidare un veicolo blindato intorno alle caserme di Norfolk
        e controllare un drone militare\n\nSuccessivamente, la Principessa ha incontrato
        le famiglie ed i cari di alcuni soldati ascoltando le loro storie e assegnando
        medaglie al merito ad alcuni ufficiali. In aggiunta a ci\u00f2, Kate ha promosso
        la mascotte del reggimento, un pony di montagna gallese della baia  chiamato
        \"Longface\" Emrys Forlan Jones.\n\n\ud83c\uddec\ud83c\udde7 The Princess
        of Wales has made her first visit to 1st The Queen''s Dragoon Guards at Robertson
        Barracks in Norfolk, since being appointed Colonel-in-Chief by The King in
        August\n\nThe Princess dressed in a military camo as she visited the 1st The
        Queen''s Dragoon Guards Regiment. Catherine joined members of the Dragoon
        Guards doing military experiences such as driving an armoured vehicle around
        Norfolk barracks and controlling a military drone\n\nLater on, the Princess
        took the time to meet with the families and loved ones of those soldiers listening
        to their stories and awarding medals to a number of officers. In addiction
        to that, Kate promoted the Regimental Mascot of 1st The Queen''s Dragoon Guards,
        a Bay Welsh Mountain Pony, called ''Longface'' Emrys Forlan Jones.\n\n#katemiddleton
        #katemiddletonitalia #kateandwilliam #catherinemiddleton #duchessofcambridge
        #duchessadicambridge #recarloiii #principewilliam #princewilliam #kensingtonpalace
        #famigliareale #realiinglesi #royalfamily #london #reginaelisabetta #monarchiainglese\n#princessofwales
        #princeofwales  #principessadelgalles #katemiddletonstyle","comments_count":5,"timestamp":"2023-11-08T16:21:29+0000","children":{"data":[{"id":"18008493560022859"},{"id":"18244299802174199"},{"id":"18005489951291227"},{"id":"18202822012278128"},{"id":"17930272214683164"},{"id":"18038451214595423"},{"id":"17955253382691906"},{"id":"17932663190775643"},{"id":"18013680514824829"},{"id":"18245267182174129"}]},"media_type":"CAROUSEL_ALBUM"},{"id":"17895109985842501","caption":"#NEW
        She have my heart \ud83d\ude29\ud83d\ude2d\ud83d\udc93\n Jenna Ortega at the
        Harper''s Bazaar Award Show \ud83e\udd79 How beautiful she is \ud83e\udd7a\ud83e\udef6\ud83c\udffb\n\n.\njennaortega
        aliyah.ortega natalieortega1 wednesdaynetflix \n#sportswear #fitcheck #fashionweek
        #jennaortega #jennaortega #makeup \n #jennaortega #jennaortegaedit #jenna
        #wednesday #wednesdayadams #theaddamsfamily #fanpage #aesthetic #newpost #jennaortegaedits
        #jennaortegafan #fyp #explore #jennaortegafandom #idol #wednesdaynetflix #younetflix
        #thefalloutedit #fyp #viral #goldenglobes #jennaortegaedit #jennaortegafan
        #blowthisup #viral #scream6 #jennaortegafandom #magazine#metgala2023#thefalloutedit","comments_count":9,"timestamp":"2023-11-08T02:41:27+0000","children":{"data":[{"id":"18085975135364388"},{"id":"17960484662533755"}]},"media_type":"CAROUSEL_ALBUM"},{"id":"17962237241657032","caption":"Have
        a Good Day #kaley #cuoco #kaleycuoco #tbbt #new #lol #throwback #girl #beauty
        #beautiful #love #celebrity #actress #star #amazing #pretty #gorgeous #penny
        #bigbangtheory #fan #flightattendant #cassie #wednesday #day #woman","comments_count":23,"like_count":895,"timestamp":"2023-11-08T08:31:53+0000","media_url":"https:\/\/scontent.cdninstagram.com\/v\/t51.29350-15\/399938688_362655019659055_5331581636166552416_n.webp?stp=dst-jpg&_nc_cat=107&ccb=1-7&_nc_sid=c4dd86&_nc_ohc=oi5Y7J8WtjwAX8yFYIJ&_nc_ht=scontent.cdninstagram.com&edm=APCawUEEAAAA&oh=00_AfBZHEwUeqezgkd2KGGr-RmPJQZ0_kOiFj5vX3sbzfhvyg&oe=65502FB3","media_type":"IMAGE"},{"id":"17988119648433538","caption":"My
        princess beautiful\njennaortega\n.\n.\n.\n.\n.\n.\n.\n.\n.\n.\n.\n.\n.\n.\n.\n.\n.\n.\n.\n.\n.\n#jennaortega
        #jennaortegafan #jennaorteganews #jennaortegafans #netflix #merlina #merlinaaddams
        #wednesday #screammovie #scream #hbo #viral #https #cine #cinema #jennaortegafanpage
        #jennaortegaedit #jennaortegasupremarcy #jennaortegafandom #princesa #new
        #pretty #disney #thefallout #hollywood #bazar","comments_count":4,"like_count":749,"timestamp":"2023-11-08T01:00:45+0000","children":{"data":[{"id":"17947449008705970"},{"id":"18271363144089349"},{"id":"18203678374278273"},{"id":"17977758641393889"}]},"media_type":"CAROUSEL_ALBUM"},{"id":"18023617213817098","caption":"Always
        a good day when you got some nittotire recon grapplers #wheelwednesday nittopitcrew
        drivingline \n.\n.\n.\n.\n.\nFollow for daily content!\n.\n.\n.\n.\n.\n.\n.\n.\n#wednesday
        #humpday #nittotires #nittopitcrew #lagopitcrew #ram #trx #dodgeram #dodge
        #srt #hellcat #supercharged #hemi #v8 #pic #picoftheday #picture #photography
        #photooftheday #photo #cars #carsofinstagram #carporn #black #daily #americanmuscle
        #america #muscle #new","comments_count":12,"like_count":281,"timestamp":"2023-11-08T13:37:49+0000","media_url":"https:\/\/scontent.cdninstagram.com\/v\/t51.29350-15\/399859958_1513172386149148_5580646129579561797_n.jpg?_nc_cat=106&ccb=1-7&_nc_sid=c4dd86&_nc_ohc=_XzGhAK6__cAX-OmeNe&_nc_ht=scontent.cdninstagram.com&edm=APCawUEEAAAA&oh=00_AfAw6m7uFsMBJ0kLqdurP9pRyxc3vEC_2d4zEu_6K3YW7Q&oe=654FCC42","media_type":"IMAGE"},{"id":"17991641267376385","caption":"#TRISTEREMIX
        bryanttmyers badbunnypr #ft anuel \n#realhastalamuerte #anuel #anuelaa #new
        #post #artist #art #arte #fyp #fyp\u30b7 #fypage #foryou #foryoupage #viral
        #viralpost #badbunny #bryanttmyers #trap #trapmusic #music #musica #trending
        #trend #parati #remix #lyrics_apr #tbt","comments_count":0,"timestamp":"2023-11-08T08:55:21+0000","media_url":"https:\/\/scontent.cdninstagram.com\/v\/t51.29350-15\/399420240_281000047667679_1783960040278680097_n.heic?stp=dst-jpg&_nc_cat=106&ccb=1-7&_nc_sid=c4dd86&_nc_ohc=1_rA7rSnayIAX8vRW3z&_nc_ht=scontent.cdninstagram.com&edm=APCawUEEAAAA&oh=00_AfDMgAMw4afMqpfRVFy1OCTjDIMNlY7p8gi1TW6cdLvPkg&oe=654FFECE","media_type":"IMAGE"},{"id":"18026589817706270","caption":"John
        Deere 8RX \ud83e\udd8c\ud83e\udd8c #mtswslr #wattschleift #greving #johndeere
        #fyp #new #viral #deerefriend #hektarj\u00e4ger #deere #foryou #farming","comments_count":0,"like_count":523,"timestamp":"2023-11-08T10:58:55+0000","media_url":"https:\/\/scontent.cdninstagram.com\/v\/t51.29350-15\/400399036_3081830618614714_7069727611899079478_n.jpg?_nc_cat=100&ccb=1-7&_nc_sid=c4dd86&_nc_ohc=GjIvsA4c-tYAX9MluiT&_nc_ht=scontent.cdninstagram.com&edm=APCawUEEAAAA&oh=00_AfDB7ATgSaGodYt9GQeCjoP2Ba2huOrUmpLUst1vqt4tLA&oe=6550125D","media_type":"IMAGE"},{"id":"17920740137727956","caption":"familia
        culpable \u2764\ufe0f\nvia: gabrieloxguevaraa \n\n\ud83c\udff7\ufe0f #culpamia
        #culpami\u0301a #culpamialapelicula #culpami\u0301athemovie #culpamiamovie
        #culpamiathemovie #culpamiapelicula #culpables #trilogiaculpables #mercedesron
        #mercedesronnbooks #wattpad #primevideo #movie #adaptacion #books #nicolewallace
        #gabrielguevara #new #nickynoah #noahmorgan #nicholasleister #nicholasynoah\n#fyp
        #explore","comments_count":6,"like_count":1354,"timestamp":"2023-11-08T00:34:48+0000","media_url":"https:\/\/scontent.cdninstagram.com\/v\/t51.29350-15\/400163420_311808721610954_3108953020387501026_n.jpg?_nc_cat=102&ccb=1-7&_nc_sid=c4dd86&_nc_ohc=xCQ31u4p06IAX9yt1Wi&_nc_ht=scontent.cdninstagram.com&edm=APCawUEEAAAA&oh=00_AfBuXZaMdxLGAxSkho4dVLRJWI0npT55ZIUdy7bS-hDpHA&oe=65515068","media_type":"IMAGE"},{"id":"18293828461178649","caption":"#newstock
        #tishart #new #onlineshopping #festival #newarrivals #festivalfashion #glowroad
        #shoponline #instagram","comments_count":1,"like_count":3,"timestamp":"2023-11-08T16:20:14+0000","media_url":"https:\/\/scontent.cdninstagram.com\/v\/t51.29350-15\/399637315_886289196156175_7069489815018033021_n.jpg?_nc_cat=103&ccb=1-7&_nc_sid=c4dd86&_nc_ohc=MS3L57gHCNcAX-H0Ixe&_nc_ht=scontent.cdninstagram.com&edm=APCawUEEAAAA&oh=00_AfCZunJSkBxM2BKyNe57pABWhRaCNQKB5md9rX5dX0M0qA&oe=6550E0C6","media_type":"IMAGE"},{"id":"18026797846687745","caption":"Dicci
        nei commenti\ud83d\udc47\ud83c\udffb\n.\n.\n\n#meme#news#notizie#docciandosi#incredible#cose#meme
        #funny #divertente#risate #ridere #serietv #new #friends #instagram#loveislove#instadaily
        #explore #reels#food #sun #autumn #autumnvibes #love #creative #autunno #vibes
        #fashion","comments_count":17,"like_count":5932,"timestamp":"2023-11-08T13:01:32+0000","children":{"data":[{"id":"18003606257281719"},{"id":"18202031956272748"},{"id":"17977479113555071"},{"id":"18214705189254376"},{"id":"17977058159409280"}]},"media_type":"CAROUSEL_ALBUM"},{"id":"18017423290909363","caption":"myketowers
        a trav\u00e9s de \u201cX\u201d cuenta que se la hecho sumamente dif\u00edcil
        escoger canciones para estrenar luego de que \u201cLALA\u201d se pegara mundial
        en TikTok \ud83d\ude15\n\n-\n-\n-\n-\n-\n\n#trap #rap #regueton #latin #live
        #concierto #rb #music #musica #venezuela #vzla #new #intermitentes #myketowers
        #x","comments_count":0,"timestamp":"2023-11-08T16:46:37+0000","children":{"data":[{"id":"17978457032383645"},{"id":"17936245475656105"}]},"media_type":"CAROUSEL_ALBUM"},{"id":"18026991700681894","caption":"\ud83c\udf38\ud83d\udc99\ud83c\udf38..\n...\n
        ....\n ....\n ....\n ....\n ....\n ....\n .... \n ....\n....\n#instagram #instagood
        #india #explorepage #exploremore #fyp #fyp\u30b7 #naturephotography #new #post
        #photography #photo #memes #guruvayoor #o #happy #follow4followback #italy
        #nikon #kozhikode #kochi","comments_count":4,"like_count":10,"timestamp":"2023-11-08T16:26:00+0000","media_url":"https:\/\/scontent.cdninstagram.com\/v\/t51.29350-15\/400490576_1441253103111466_7696617199323277116_n.webp?stp=dst-jpg&_nc_cat=109&ccb=1-7&_nc_sid=c4dd86&_nc_ohc=YNWC_1KrmKYAX8iY3yC&_nc_ht=scontent.cdninstagram.com&edm=APCawUEEAAAA&oh=00_AfD_tIQutKNMegYmcw93yUKpIBNIaymqk375HEmrduEZQA&oe=654FD256","media_type":"IMAGE"},{"id":"17979865775355334","caption":"\ud83d\ude38\n.\n.\n.\n.\n#like
        #fyp #viral #fyp\u30b7 #new #newpost #zasiegi #maja #fyp #viral #post #likesforlike
        #likeme #majasienicka majatcl","comments_count":7,"like_count":6,"timestamp":"2023-11-08T16:23:44+0000","media_url":"https:\/\/scontent.cdninstagram.com\/v\/t51.29350-15\/400299754_1048681289881842_8657833805947106495_n.jpg?_nc_cat=100&ccb=1-7&_nc_sid=c4dd86&_nc_ohc=7An0tLXFHbUAX-3a1N6&_nc_ht=scontent.cdninstagram.com&edm=APCawUEEAAAA&oh=00_AfDrMt-LIX56_7zJzzvsfUUFB2u7kmV_ed-z8zqxvM9nTw&oe=65503ACE","media_type":"IMAGE"},{"id":"17986287860445231","caption":"so
        cute!! sadie with a fan\u2661\n\n#NEW \ud83d\udcf8: ahernand86","comments_count":6,"timestamp":"2023-11-08T00:49:50+0000","media_url":"https:\/\/scontent.cdninstagram.com\/v\/t51.29350-15\/399566144_361011433076661_7642571598534859306_n.webp?stp=dst-jpg&_nc_cat=105&ccb=1-7&_nc_sid=c4dd86&_nc_ohc=QEs1IoxvlL8AX_53gUw&_nc_ht=scontent.cdninstagram.com&edm=APCawUEEAAAA&oh=00_AfDf-PeP-VurszKKt262Z2xGktqPO-soLTLdQiMvpHdKJw&oe=6551A259","media_type":"IMAGE"},{"id":"17961983414526648","caption":"\ud83c\udd95
        #Yeni Nestle Crunch Snax \ud83d\udca5\n.\n\ud83d\udd38Bildi\u011fimiz crunch\u2019\u0131n
        pirin\u00e7 patlaklar\u0131 ta\u015fm\u0131\u015f hali gibi bir \u00e7ikolata
        yapm\u0131\u015flar.\ud83c\udf6b \u00c7ikolata oran\u0131 \u002571 patlak
        oran\u0131 ise \u002529.\n\ud83d\udd38Paket 90g ve i\u00e7inden 10\u2019dan
        fazla k\u00fcmelenmi\u015f crunch\u2019lar \u00e7\u0131k\u0131yor. Kal\u0131n
        ve \u00e7ikolatas\u0131 yumu\u015fac\u0131k a\u015f\u0131r\u0131 \u00e7\u0131t\u0131r
        ve \u00e7ok lezzetliydi bence. Crunch\u2019a zaten bay\u0131l\u0131r\u0131m
        bu formu daha bir g\u00fczel olmu\u015f hatta klasik crunch\u2019tan bile
        daha g\u00fczeldi.\ud83e\udef6 \u00c7\u0131t\u0131r \u00e7\u0131t\u0131r.
        Beyaz ve bitteri de \u00e7\u0131ksa hatta kuruyemi\u015fli versiyonlar\u0131
        off diyorum.\ud83d\ude0d \u00c7ok ba\u015far\u0131l\u0131 bir fikir 10\/10.\n.\n\ud83c\udf31100g,
        479kcal, 47g \u015feker i\u00e7eriyor.\n\nA101; 29,90TL\nnestlecikolata\n\n#nestle
        #crunch #snax #chocolate #\u00e7ikolata #new #neu #yum reklam de\u011fildir.","comments_count":35,"timestamp":"2023-11-08T15:41:13+0000","children":{"data":[{"id":"18017690056745995"},{"id":"18048443248471966"},{"id":"18005182628125368"},{"id":"17888649236939834"}]},"media_type":"CAROUSEL_ALBUM"},{"id":"18230697262217456","caption":"\ud83c\udf55\ud83e\udd67
        NEW Meatball & Pepperoni Pizza Pie at Costco \ud83d\uded2\ud83d\udea8Follow
        Uk Newest Foods for all of the UK\u2019s Newest Foods!\ud83d\ude01\ud83d\udea8
        costco_uk #uknewestfoods #costcouk #costco #costcofinds #costcohaul #costcodeals
        #new #uk #newfood #newfoods #ukfoodfinds #newukfoodblog #newukfoodblogger
        #foodblogger #foodfind #foodfinds #foodie #foodiesofinstagram  #newfoodfinds
        #pie #pies #pizza #pizzas #pizzapie #pizzapies #pizzalover #pizzapizzapizza
        #pizzalovers #pizzalove #pizza\ud83c\udf55","comments_count":16,"like_count":507,"timestamp":"2023-11-08T11:09:50+0000","media_url":"https:\/\/scontent.cdninstagram.com\/v\/t39.30808-6\/400858504_17979865985604870_3413291763267738385_n.jpg?_nc_cat=104&ccb=1-7&_nc_sid=c4dd86&_nc_ohc=J06Xl9AcZDcAX-MWopR&_nc_ht=scontent.cdninstagram.com&edm=APCawUEEAAAA&oh=00_AfBA9IR9YA15a3vJETrtoH3Vy9VLyTY-tVYqqkbmMoqzpw&oe=655027A5","media_type":"IMAGE"},{"id":"18027767062665833","caption":"#tractor
        #look #new #kurtapajama #jattwaad #loveislove #happyday #picoftheday #peace
        #\u2764\ufe0f #4x4  #offroad4x4 #offroading #power #v8 #\ud83d\ude18","comments_count":0,"like_count":4,"timestamp":"2023-11-08T16:42:09+0000","media_url":"https:\/\/scontent.cdninstagram.com\/v\/t51.29350-15\/400414835_984936362802365_5587176909873193184_n.jpg?_nc_cat=103&ccb=1-7&_nc_sid=c4dd86&_nc_ohc=N4KfX9eHRAoAX_kmQaB&_nc_ht=scontent.cdninstagram.com&edm=APCawUEEAAAA&oh=00_AfB_ys7p0CpQm4SLNCE4_dbpyB1eiOpVqnVTr_fZOP7nOQ&oe=6551521C","media_type":"IMAGE"},{"id":"17925686021704371","caption":"AHHH
        FELIZ MI\u00c9RCOLES CULPABLE \ud83e\udd79\ud83e\udef6\ud83c\udffb!!! GRITANDOOOO!!\nvia:
        \u0040\/ primevideoes \n\n\ud83c\udff7\ufe0f #culpamia #culpami\u0301a #culpamialapelicula
        #culpami\u0301athemovie #culpamiamovie #culpamiathemovie #culpamiapelicula
        #culpables #trilogiaculpables #mercedesron #mercedesronnbooks #wattpad #primevideo
        #movie #adaptacion #books #nicolewallace #gabrielguevara #new #nickynoah #noahmorgan
        #nicholasleister #nicholasynoah\n#fyp #explore","comments_count":27,"like_count":3871,"timestamp":"2023-11-08T15:04:09+0000","children":{"data":[{"id":"18016457473752093"},{"id":"17952373868694774"},{"id":"18003190880166320"}]},"media_type":"CAROUSEL_ALBUM"},{"id":"18020079625728507","caption":"\u306b\u3085\u306d\u3044\u308b\ud83c\udf42\ud83e\udd0e\n\n#new
        #nails #brown #\u79cb\u30cd\u30a4\u30eb #fyp","comments_count":2,"like_count":438,"timestamp":"2023-11-08T10:43:48+0000","children":{"data":[{"id":"18004025093314141"},{"id":"17895251738840885"},{"id":"18272620276082458"}]},"media_type":"CAROUSEL_ALBUM"},{"id":"18234361567219777","caption":"#Kartal\n\n#\u00dc\u00e7k\u0131zkarde\u015f\n\n#G\u00f6kberkDemirci
        gokberkdemirci #g\u00f6kberkdemirci #gokberkdemirci #g\u00f6kberkdemirci#\u0645\u0633\u0644\u0633\u0644\u0627\u062a_\u062a\u0631\u0643\u064a\u0629\n\n#explorepageturkey
        #explore#gokberkdemi\u0307rci\u0307 #g\u00f6kberkdemirci #turkiye#likeforlike
        #followme #photooftheday #instamood #instagram #photography #actor #dizi #film
        #explore #new #rell#songs\ud83d\udc51\ud83d\udc51\ud83d\udc51\u0633\u062a\u0648\u0631\u0649
        \u0627\u0644\u0645\u0644\u0643","comments_count":5,"like_count":29,"timestamp":"2023-11-08T16:12:24+0000","media_url":"https:\/\/scontent.cdninstagram.com\/v\/t51.29350-15\/400097218_1041288817324165_5903101219496312029_n.jpg?_nc_cat=103&ccb=1-7&_nc_sid=c4dd86&_nc_ohc=E_IRJW0GbC0AX_UlDWM&_nc_ht=scontent.cdninstagram.com&edm=APCawUEEAAAA&oh=00_AfDYX8ME9IIIcIOYbkxcbwHBw4nHeDndBbd44M_CAIJX6g&oe=65515E89","media_type":"IMAGE"},{"id":"17946859172710582","caption":"\ud83d\udd25\ud83d\udd25\n.\n.\n.\n#cgtitan
        #newtitan #hondatitan\u00a0 #cgtitan150 #hondaeshonda #titaneros #titaneras
        #stuntcgtitan #stuntalcorte #cgtitanoficial #motoshonda #cgtitan2020 #StuntMotos
        #Brazuka #bike #TitanStunt\u00a0 #cg #cgtitan2020 #honda #cg #New #titan #Stunt
        #flama #foton #mecha #AlCorte #RR","comments_count":0,"like_count":1058,"timestamp":"2023-11-07T15:41:01+0000","media_url":"https:\/\/scontent.cdninstagram.com\/v\/t51.29350-15\/399187927_1640644293091686_9091446755147303488_n.webp?stp=dst-jpg&_nc_cat=104&ccb=1-7&_nc_sid=c4dd86&_nc_ohc=32kCSKlF9d4AX8_ccSN&_nc_ht=scontent.cdninstagram.com&edm=APCawUEEAAAA&oh=00_AfDrk_M9V3gH61aWgGiOcLdMI4HexNCKVo3F524LIQaZVQ&oe=6550A19B","media_type":"IMAGE"},{"id":"17994599642131707","caption":"#mercedes
        #benz #mercedesbenz #amg #sl #brabus #750 #custom #patagonien #patagonia #red
        #snow #white #interior #leather #carbon #ceramic #calipers #carbonfiber #new
        #cabrio #cabriolet #sindikautomobile #luxury #black #lights #designo #design
        #car #cars","comments_count":2,"like_count":49,"timestamp":"2023-11-08T16:28:52+0000","children":{"data":[{"id":"17977635002391347"},{"id":"18216659596255659"},{"id":"18038263252600132"},{"id":"18004561834966052"},{"id":"17908282670849540"},{"id":"18268014799164799"},{"id":"17985125843308333"},{"id":"18023298109814329"},{"id":"18020684311888813"}]},"media_type":"CAROUSEL_ALBUM"},{"id":"17999874695058525","caption":"OUR
        GIRL JENNA HAS GOTTEN HER AWARD SHE DESERVES IT #jennaortegafanpage #jennaortegafan
        #jennaortega #explorepage #explore #viral #famous #fans #fanpage #NEW #awardshow
        #actress #celebrity #celebrities #award #viral #pictures #picture #pics #intresting
        #post #posts","comments_count":8,"like_count":392,"timestamp":"2023-11-07T22:53:38+0000","children":{"data":[{"id":"18025415254700515"},{"id":"17902351145867967"},{"id":"18001519043019934"},{"id":"18082968094402368"},{"id":"17891858831925087"},{"id":"17991932294176970"}]},"media_type":"CAROUSEL_ALBUM"},{"id":"17900762792814464","caption":"Mutluluk,
        ne\u015fe, renkler size \u00e7ok yak\u0131\u015fan \u015feylerdir aycaaysinturan
        \ud83d\ude18\ud83d\udc9b\u2618\ufe0f\n\n\ufffc#Ay\u00e7aAy\u015finTuran #AycaAysinTuran
        #AycaIndo #Karag\u00fcl #explore #Meryem #SavMer #TheProtector #HakanMuhafiz
        #Zemheri #FirYaz #fyp #Ariza #ArHal #AdaMasal\u0131 #PoyHaz #Sen\u0130nand\u0131r
        #kaderba\u011flar\u0131 #netflix #kesfet #ayc\u0327aays\u0327inturanfan #new","comments_count":21,"like_count":536,"timestamp":"2023-11-08T11:48:49+0000","children":{"data":[{"id":"18066943702449111"},{"id":"18015197362927309"},{"id":"18000841067239243"},{"id":"17911261214836998"},{"id":"18011482270980339"},{"id":"17996870357080697"},{"id":"18395094940012809"}]},"media_type":"CAROUSEL_ALBUM"},{"id":"18041235706503783","caption":"Warme
        Sonnenstrahlen tauchen die Heide in eine wundersch\u00f6ne Abendstimmung.\n\nWarm
        rays of sunshine bathe the heath in a beautiful evening atmosphere.\n.\n.\n.\n.\n.\n.\n#l\u00fcneburgerheide
        #lueneburgerheide #heimatheide #heide #raw_allnature #raw_nature #raw_landscape
        #raw_skies #raw_sunset #raw_community #raw_country #raw_germany #sonnenuntergang
        #sonnenuntergang\ud83c\udf05 #sonnenunterganghimmel #sonnenunterg\u00e4nge
        #sonnenuntergang\u2600\ufe0f #abendstimmung #abendsonne #new #instagood #instalandscape
        #landscape_kings #landschaft #sonyalpha #sonya7iii #lightroom #edit #editing
        #lovenature","comments_count":10,"timestamp":"2023-11-07T17:36:19+0000","media_url":"https:\/\/scontent.cdninstagram.com\/v\/t51.29350-15\/399454208_2332239226985004_1376065045257454325_n.jpg?_nc_cat=109&ccb=1-7&_nc_sid=c4dd86&_nc_ohc=mk0XPI7TiwwAX_NlwFq&_nc_ht=scontent.cdninstagram.com&edm=APCawUEEAAAA&oh=00_AfCmRPVD7ZqkcV_GhBseFA3K4FzkIZdGzU6uFKcSNVFpUg&oe=6551040F","media_type":"IMAGE"}],"paging":{"cursors":{"after":"MjMxMDk3YTUwZADZAlNDEwZAmIxYTcwYmViNzlmZAmRkNTIZD"},"next":"https:\/\/graph.facebook.com\/v18.0\/17842307719068454\/top_media?user_id=17841462175987660&fields=id,caption,comments_count,like_count,timestamp,media_url,children,media_type&access_token=<INSTAGRAM_TOKEN>&limit=25&after=MjMxMDk3YTUwZADZAlNDEwZAmIxYTcwYmViNzlmZAmRkNTIZD"}}'
  recorded_at: Wed, 08 Nov 2023 16:53:40 GMT
- request:
    method: get
    uri: https://graph.facebook.com/v18.0/17842307719068454/top_media?access_token=BAD_TOKEN&fields=id,caption,comments_count,like_count,timestamp,media_url,children,media_type&user_id=17841462175987660
    body:
      encoding: US-ASCII
      string: ''
    headers:
      Accept-Encoding:
      - gzip;q=1.0,deflate;q=0.6,identity;q=0.3
      Accept:
      - "*/*"
      User-Agent:
      - Ruby
  response:
    status:
      code: 400
      message: Bad Request
    headers:
      Vary:
      - Origin
      Access-Control-Allow-Origin:
      - "*"
      Content-Type:
      - application/json; charset=UTF-8
      Www-Authenticate:
      - OAuth "Facebook Platform" "invalid_token" "Invalid OAuth access token - Cannot
        parse access token"
      Strict-Transport-Security:
      - max-age=15552000; preload
      Pragma:
      - no-cache
      Cache-Control:
      - no-store
      Expires:
      - Sat, 01 Jan 2000 00:00:00 GMT
      X-Fb-Request-Id:
      - Aufp0uqSd4LxTQFKoOiHfgT
      X-Fb-Trace-Id:
      - GLR8q7NCXjt
      X-Fb-Rev:
      - '1009767600'
      X-Fb-Debug:
      - j7bZoIRBSEA3WKJlQQoIAVWF2lvS/i/dI8c2uVxqRySgL40KjIf7qD+wZbl9Y0i8Ims8Md/HSy12o4wLpRV1Bg==
      Date:
      - Wed, 08 Nov 2023 16:58:50 GMT
      Proxy-Status:
      - http_request_error; e_clientaddr="AcI6bHidLiadlKdWL7MrJCY8CaGJYPLMWScgMI_gt511hSIlFoTL7sgFREK7qSu2h1z9VZWpofrePhiKbUrlnWsNHCAM-MCav5qICqFWWwWQ";
        e_fb_vipport="AcIefK6nx4F3s9F6MJjxEykscRi5a7NxN2YKwEgYsxI4FcZbWmWjf41dIEUz";
        e_upip="AcI1q1R1ZeS6xDUFiLpCRsG3ifDf__tNENbjY8LrQ3unIaNnGiAQ1k826R4EFRMlBqvMq020sVlS4YgzCPLWnBBLdZHJde0k6w";
        e_fb_hostheader="AcJJOxRMYEKL9BsQx2535UsYSutXLcPM1_FEZep2tKZK5e3RsYgMbxznneDGTJhlOtNmdwu8wziR_b4R";
        e_fb_vipaddr="AcIgEKD9pG5ZpQ_42g1VeTlXXvV9VGkWhT_GhYmTh7vRNlGU9iV8A9gsn6VuBvGH-XO1Ik1-6RDCJm_e648kke62BbysXN4f6w";
        e_fb_requesthandler="AcKiB9uF-zOTaIQR5stDDvsSgXb6Imb1cgUQv-cIiabVyQZ1Hst5Bm1rMXbAx7X0nVwbLpMzf_Y";
        e_fb_builduser="AcIBjj_GPr0bidKa-NHu_pLLWBhZd_Srtr4VTOtHGoP0MvkPzV1eHcJE8BlVZhYm42k";
        e_fb_binaryversion="AcICLs9zxubainntjeYjLWEeXazp-4duWBIrvn8oz8RtWYKlHuyd-fNEucs_p4pTZ2ryIi6c5A8TA22HEPRheRqzxLu-r2tQJfo";
        e_proxy="AcITwpzFFnbNRQlyvzCOtGyagUnFvqgcm2zlquHUkkVt9quTlGL77dAws2S3heym6JxEF9EYB1zqjhBdbfTm",
        http_request_error; e_clientaddr="AcJIoi9NT10DLPwfjlE7G4ZFeLfP6hlb_NJdVQdtIt61ilaO5fD2E657bmuQh42AxAjmg6wFbbmEoOzP";
        e_fb_vipport="AcLr_Zo8_Howl_PNAFdxPUGsIXCBRvXz49bweq3a_5MGBV2pvej8laKPe53A";
        e_upip="AcJBax2BTg9_V_xA2t5rAdk5n94KQHqFcp8zzLc6MIjNEoYsvUSNcD9MLtlFeL2ZKvn4Qm5IZbA5b6-aTjvT_nZyYMHg2n36Hw";
        e_fb_hostheader="AcIJJAlEPNjzMSaXqginXre3XECIhL2fH1ZL6_yFlv4rOQTcBxrWHk6nA5GSDo1wK5HXt4pOhH3gaklV";
        e_fb_vipaddr="AcKQoaG60MEEGYa3g29WfZkCw6T1Vq55gY-gqEsdQuMDv3h-JTDhaCa2CIZzIsICktimrQ";
        e_fb_requesthandler="AcJxAdOor6yRYN3usUTJNnk0bo4lkShGLxqGZgxOZcNsnFhfVQSXmThTa9D0aKAQ6U3SboNDi1g";
        e_fb_builduser="AcIESsgN49srHw8JVXWlnylduFi8eAdsVDvCC7FX-ghrkosdFhiABP8y71QzhBQe0SU";
        e_fb_binaryversion="AcLwpxMiyzC8uC8hMjo9vPvhyg601Gi9e8Q-i_Tw3bMPnj4xDm9YRn8xngMClNKnefKBCNjHBg7NrLf3eG_7amFKnXNMMV7LZiY";
        e_proxy="AcIrbTujdRH9wJ5m9Kf7QH_DFAfH5ixHA3kMafBsXp8lQt--q5hWkUDN26U-YhMRxunkkKrAE6mxGqI"
      Alt-Svc:
      - h3=":443"; ma=86400
      Connection:
      - keep-alive
      Content-Length:
      - '152'
    body:
      encoding: UTF-8
      string: '{"error":{"message":"Invalid OAuth access token - Cannot parse access
        token","type":"OAuthException","code":190,"fbtrace_id":"Aufp0uqSd4LxTQFKoOiHfgT"}}'
  recorded_at: Wed, 08 Nov 2023 16:58:49 GMT
- request:
    method: get
    uri: https://graph.facebook.com/v18.0/fake_hashtag_name/top_media?access_token=<INSTAGRAM_TOKEN>&fields=id,caption,comments_count,like_count,timestamp,media_url,children,media_type&user_id=17841462175987660
    body:
      encoding: US-ASCII
      string: ''
    headers:
      Accept-Encoding:
      - gzip;q=1.0,deflate;q=0.6,identity;q=0.3
      Accept:
      - "*/*"
      User-Agent:
      - Ruby
  response:
    status:
      code: 400
      message: Bad Request
    headers:
      Vary:
      - Accept-Encoding
      - Origin
      Access-Control-Allow-Origin:
      - "*"
      Cross-Origin-Resource-Policy:
      - cross-origin
      X-App-Usage:
      - '{"call_count":0,"total_cputime":0,"total_time":0}'
      Content-Type:
      - application/json; charset=UTF-8
      Www-Authenticate:
      - OAuth "Facebook Platform" "invalid_request" "Unsupported get request. Object
        with ID 'fake_hashtag_name' does not exist, cannot be loaded due to missing
        permissions, or does not support this operation. Please read the Graph API
        documentation at https://developers.facebook.com/docs/graph-api"
      Facebook-Api-Version:
      - v18.0
      Strict-Transport-Security:
      - max-age=15552000; preload
      Pragma:
      - no-cache
      Cache-Control:
      - no-store
      Expires:
      - Sat, 01 Jan 2000 00:00:00 GMT
      X-Fb-Request-Id:
      - A4x9c2rnjwbnX1yk423sCut
      X-Fb-Trace-Id:
      - AnhIkovISUm
      X-Fb-Rev:
      - '1009767600'
      X-Fb-Debug:
      - 2SOg8U19GuIs4um5KnQGD/I5H8qHP8tLrvIvQZ5X10OewzmLUxq5tEFKQy49bZdGbFpU8vy/C3N8hnpECDfinw==
      Date:
      - Wed, 08 Nov 2023 16:58:50 GMT
      Proxy-Status:
      - http_request_error; e_clientaddr="AcIaE3iUG1itx7Lo4riFR9LEuOoVLrMnb5k_zutrbId_w8EntFBgLnlXo27RdJTA_xmQFJs55ntKNj1ELCSyTPx77nZgRWj2uBv7kgZLyfy7";
        e_fb_vipport="AcK2zom2URV8WiRs13r0H7LGBPS5j43hJuzpfoj-_qTVxv6OMmaLp2zQx0Yn";
        e_upip="AcKOHUT8KnwycRSFBVNlff4T64DH31yugYVJRjjM1h3fLNvdqd5uJaaBihh96HNBSezVZmvj6cxMF491xEU7kFOyEHvcMuTqBA";
        e_fb_hostheader="AcJavuLpzTFGW-JNj8nPzt0Sku7Of3YLBiPNmr8vHgqamfPPjcmO3HvCAwwRQFl__g_TVuAUm8dLLOr7";
        e_fb_vipaddr="AcL3e2kCaSrYCQJDrvlJafvLmyQHhMIP_UnZRyZrm2434ifk8PjVuo0f5TH5CH12TsXPiYPdDGLZY6PeJZM1ZOTAOrcJaLDs-Q";
        e_fb_requesthandler="AcLei4ougXnVc8BtK2ofaFGPDQdgvVZhGzjWQvigp0edWpIYS4dIxu9_xGe5KziPNO6jAQvKX_c";
        e_fb_builduser="AcLQXRFkbSF2ifssFEzY8t8R-q9r49GDHnwsAScUhsyMVDrFVxO3-3PcRQQxLsGFrz8";
        e_fb_binaryversion="AcLpxQvaaxlGPGC_EuzjngAahlilyr5Mf0bS78FbcdHugpQvFZybpe5AK5c_6b0xboHkQkxJLqZObbZadlR1ldSr3ZOpDvd0nVo";
        e_proxy="AcLWB5jpH_gSbwtvyZw8zjd_obAWkEIGLlK0mBNGrNSyuvrh6RxdS_3_OmhwLlqsEvQP2UzzOM1K_nbHOs92",
        http_request_error; e_clientaddr="AcLVqioa6ce48MSsqWnSSDWDSiIHFWQZ1abgnJtZx-5PuFE2xUN50L9uvPNpnl32hQiopIyhEQh7n9I9";
        e_fb_vipport="AcKgAZqR7aPUJshp9iXECOxORXAOAk96_Hw7UdlJoqmgL0auEqLft_K2bms8";
        e_upip="AcI8YkDD560ZOUSNuqhwRxX7COIx0PFIbJAqYG2suqvL91fwnIKMA6I1U_EzIMy1Dr0yB1KK0cJFR8A5u_8702Qk5HSON834Zw";
        e_fb_hostheader="AcIP1vMsE4PwiHPFBprimDm2YlmZNC1Gyh9gCk_PlCvCs2zMYAm_AKBEm_DR7ZLmeb81ZL0n33j5wk-W";
        e_fb_vipaddr="AcKpIVkasBcSUA1AvH8tCRZKKzrk2bYKydVo3QRmUsEmDghFsj0NebVMHa_w7NhPSyuGrg";
        e_fb_requesthandler="AcL5F_zQIv6LGOx2Q0Y3CRawj8PNDGQYBCnXASKUdU6ozBdq7th5MC3JtjbBi_uEUP69qL7IIcI";
        e_fb_builduser="AcKa26FFRvsX8ufbA6XUUjWAqPmv55a0C1D0tmfdZjabjH45rJPmZHjGnOp_dPs13tU";
        e_fb_binaryversion="AcJhTYIn88d2nFvHY7l42_C6sS2GOFCJTFShyklH6NhUHod3c2sh2K4u2fqly4H0mz3HX_9ZNyJBq4mMtHG0O4ZaMgQWt76M0sk";
        e_proxy="AcJgBP3YgzzjXScKyGI0edjm494VNdFBwL6UVKkru8u_W8iZnPVbkJvqgxkR7Yh4vkOEz2oUXNiXMzg"
      Alt-Svc:
      - h3=":443"; ma=86400
      Connection:
      - keep-alive
      Content-Length:
      - '373'
    body:
      encoding: ASCII-8BIT
      string: '{"error":{"message":"Unsupported get request. Object with ID ''fake_hashtag_name''
        does not exist, cannot be loaded due to missing permissions, or does not support
        this operation. Please read the Graph API documentation at https:\/\/developers.facebook.com\/docs\/graph-api","type":"GraphMethodException","code":100,"error_subcode":33,"fbtrace_id":"A4x9c2rnjwbnX1yk423sCut"}}'
  recorded_at: Wed, 08 Nov 2023 16:58:49 GMT
- request:
    method: get
    uri: https://graph.facebook.com/v18.0/ig_hashtag_search?access_token=<INSTAGRAM_TOKEN>&q=17842307719068454&user_id=17841462175987660
    body:
      encoding: US-ASCII
      string: ''
    headers:
      Accept-Encoding:
      - gzip;q=1.0,deflate;q=0.6,identity;q=0.3
      Accept:
      - "*/*"
      User-Agent:
      - Ruby
  response:
    status:
      code: 400
      message: Bad Request
    headers:
      Vary:
      - Accept-Encoding
      - Origin
      Cross-Origin-Resource-Policy:
      - cross-origin
      X-App-Usage:
      - '{"call_count":0,"total_cputime":0,"total_time":0}'
      Content-Type:
      - application/json; charset=UTF-8
      Www-Authenticate:
      - OAuth "Facebook Platform" "invalid_request" "The requested resource does not
        exist"
      Access-Control-Allow-Origin:
      - "*"
      Facebook-Api-Version:
      - v18.0
      Strict-Transport-Security:
      - max-age=15552000; preload
      Pragma:
      - no-cache
      Cache-Control:
      - no-store
      Expires:
      - Sat, 01 Jan 2000 00:00:00 GMT
      X-Fb-Request-Id:
      - AZowG9TXw8qjgnsF-EOfwsY
      X-Fb-Trace-Id:
      - BlrcQOlAwmo
      X-Fb-Rev:
      - '1010180241'
      X-Fb-Debug:
      - ZvP/mqLSHCK/djDD4AfyxiaVJvQqFjVmZYBRcBIvLZCha5QNuEjnzQrj3zyxQaU9KQhsqMh9btQGNux2o5uQsw==
      Date:
      - Mon, 04 Dec 2023 08:05:06 GMT
      Proxy-Status:
      - http_request_error; e_clientaddr="AcLqwiPEhZszTNO47oj7X8Pb_zG5JeSXV9NXFoH3QPFyA7nDL4dw0o5DNiV_CJFXgsKwQaogXk-4ndcLGJ3J4ZrLlw0ymHJ8BOoyynWvfsgZtQ";
        e_fb_vipport="AcL6yDpXoj50LSI4pX08C6-uS2B2qcC5vrbovxZHqUkiZQa7ofES7ugOcVMW";
        e_upip="AcIQmqZ0xtJ0hFPw2vq3NY1G2JjUG2OW9KhP81AsbTS2QmBGzuKDds0ku8XeC7wf6gIiDiZYO7atfyuQ2OXzTuzQPNKJ9Rpj5A";
        e_fb_hostheader="AcIG1AvxQGQ2fV10ikBrv4u-XbWtN-M_TooteAEgCPeQ-CdmXmvSRqCna7y_h_QnXRU916BH_1fsrAeP";
        e_fb_vipaddr="AcKzCtOPoVqrWMFsPZLQcrYleg083pnLl1Yji7le4c8AuWiMuzKZeFMzZSekd9ez86s6o26bWp4vVgoVKQsZ-Y7SJsl3RRHx";
        e_fb_requesthandler="AcIp734jtoNOhht4nx0zio4peqdYozzejcw6QCyNNCLaU_X77C8KLKadJaz0_fmRUax9wePnxJo";
        e_fb_builduser="AcJG9Pr-kJCqETUM6eF451huxsW3aKUCQ8ji7hbB6504htNiiZDXRFO7KYH34rrOsDU";
        e_fb_binaryversion="AcKcp6ODWFusQFnTk91WZnYD6YbsWnJcg7IQ9yw2XVrzvMi1Xa5kzytTzRKoMU4lGJil0G7uAvoAL_STD2K7MuWvDMPNbxNs8aI";
        e_proxy="AcIqi8Ws39SEev_c6VStk_VUV80UpnH3NEp1Nhyw6S8hVkWSikQ9ZuQgu9tAodEWlX2TZ_oz9OYOvuf3Gw4i",
        http_request_error; e_clientaddr="AcKoPepgdRtNtvgg64F5FyPxZxqhRdn4JxnK6anCQzxjDGhGfnxHCYVUzhC5tPDaRltlvAlutKvzdydo5s8";
        e_fb_vipport="AcKpj0JpROqSYR-uQ0H04GPu97yoj-3abIfKR7v7q38Rg7jsXOpyINJaSHk4";
        e_upip="AcIin6dTAmnozRKx7RPflE8XGyv_nx9Cx_u2KrgjVc90WoO4d_Uy53cFGw2meXHszXXfq2z_05qX1hvxYub1VMungnd46hXD";
        e_fb_hostheader="AcINbEy-id1AmsNn-F6WXe0t9ffyCtUl6s82pZjKTZz92-obSOldaFaHQWpNpZAaXmVxel_h6WWMAc3k";
        e_fb_vipaddr="AcIxBrdcrp7JGEPQavg2-cDly2OgMRPpIexKyX-tYOslDL0ooVrNvhPOmAYVualN3t0w4A";
        e_fb_requesthandler="AcIbC1Ur8GPTaZw7KeYAZrWb2e46abhdl33grWS2Wc800DpgaXdOhKRGYMN4-SyTVe3oKp943QQ";
        e_fb_builduser="AcIN7I3ONt1M_dL-Ha2pDZRl-WQAA5TQkdXiIXHEdcjECeJ2Sif7AGOYyKlW6VDmrLE";
        e_fb_binaryversion="AcJs5qQ71wk0ouXztM80zJKImzcnXvQz6BUanCJTNJCodsoD5oqkovjxEoyJ_fdsg2AXogYTJ2_8UFiV-3Us9UdnCUbTgMXiylo";
        e_proxy="AcIxRglb-i9vUQ1HYl99Qhea_kv-kkUFUvsUtAfIZo2zrOBuSyytDUPpwst3dvLTOgqSSPeJA6daWcw"
      Alt-Svc:
      - h3=":443"; ma=86400
      Connection:
      - keep-alive
      Content-Length:
      - '522'
    body:
      encoding: ASCII-8BIT
      string: '{"error":{"message":"The requested resource does not exist","type":"OAuthException","code":24,"error_subcode":2207024,"is_transient":false,"error_user_title":"\u627e\u4e0d\u5230\u76f8\u7b26\u7684\u4e3b\u984c\u6a19\u7c64","error_user_msg":"\u7121\u6cd5\u986f\u793a\u7528\u6236\u8981\u6c42\u7684\u4e3b\u984c\u6a19\u7c64\u300c
        17842307719068454 \u300d\uff0c\u539f\u56e0\u53ef\u80fd\u662f\u7f3a\u5c11\u6b0a\u9650\u3001\u4e3b\u984c\u6a19\u7c64\u7121\u6548\u6216\u4e0d\u5b58\u5728\u3002","fbtrace_id":"AZowG9TXw8qjgnsF-EOfwsY"}}'
  recorded_at: Mon, 04 Dec 2023 08:05:05 GMT
- request:
    method: get
    uri: https://graph.facebook.com/v18.0/ig_hashtag_search?access_token=<INSTAGRAM_TOKEN>&q=new&user_id=17841462175987660
    body:
      encoding: US-ASCII
      string: ''
    headers:
      Accept-Encoding:
      - gzip;q=1.0,deflate;q=0.6,identity;q=0.3
      Accept:
      - "*/*"
      User-Agent:
      - Ruby
  response:
    status:
      code: 200
      message: OK
    headers:
      Etag:
      - '"066a8310ce0258c76a00b3813ae1a9140fc3443f"'
      Content-Type:
      - application/json; charset=UTF-8
      Vary:
      - Origin
      Cross-Origin-Resource-Policy:
      - cross-origin
      X-App-Usage:
      - '{"call_count":0,"total_cputime":0,"total_time":0}'
      Access-Control-Allow-Origin:
      - "*"
      Facebook-Api-Version:
      - v18.0
      Strict-Transport-Security:
      - max-age=15552000; preload
      Pragma:
      - no-cache
      Cache-Control:
      - private, no-cache, no-store, must-revalidate
      Expires:
      - Sat, 01 Jan 2000 00:00:00 GMT
      X-Fb-Request-Id:
      - AYcZU7WuiJGb8_xtwx2XeQL
      X-Fb-Trace-Id:
      - HrizHvevfHr
      X-Fb-Rev:
      - '1010444709'
      X-Fb-Debug:
      - 1KE10kgK47eg3i6lHWR/ommivLZ9mdcGggDKXkZwkXrSyqPKd/VeODtmIdMVB9dX/663EJk1vLYF+XuA6SmNtQ==
      Date:
      - Fri, 15 Dec 2023 16:36:15 GMT
      Alt-Svc:
      - h3=":443"; ma=86400
      Connection:
      - keep-alive
      Content-Length:
      - '37'
    body:
      encoding: UTF-8
      string: '{"data":[{"id":"17842307719068454"}]}'
  recorded_at: Fri, 15 Dec 2023 16:36:15 GMT
- request:
    method: get
    uri: https://graph.facebook.com/v18.0/ig_hashtag_search?access_token=<INSTAGRAM_TOKEN>&q=new&user_id=17841462175987660
    body:
      encoding: US-ASCII
      string: ''
    headers:
      Accept-Encoding:
      - gzip;q=1.0,deflate;q=0.6,identity;q=0.3
      Accept:
      - "*/*"
      User-Agent:
      - Ruby
  response:
    status:
      code: 200
      message: OK
    headers:
      Etag:
      - '"066a8310ce0258c76a00b3813ae1a9140fc3443f"'
      Content-Type:
      - application/json; charset=UTF-8
      Vary:
      - Origin
      Cross-Origin-Resource-Policy:
      - cross-origin
      X-App-Usage:
      - '{"call_count":0,"total_cputime":0,"total_time":0}'
      Access-Control-Allow-Origin:
      - "*"
      Facebook-Api-Version:
      - v18.0
      Strict-Transport-Security:
      - max-age=15552000; preload
      Pragma:
      - no-cache
      Cache-Control:
      - private, no-cache, no-store, must-revalidate
      Expires:
      - Sat, 01 Jan 2000 00:00:00 GMT
      X-Fb-Request-Id:
      - Ay7Nd5SxOSKKgLV7V1AiKCT
      X-Fb-Trace-Id:
      - Hol5wPstIiD
      X-Fb-Rev:
      - '1010444709'
      X-Fb-Debug:
      - gLA9Sjp3IaJhU65hyjpAq7WYSAI6nFd+X7MIX6tjcQXeGGAeuGwpz6Hp6s+V6iil28GvA00xa6LD1wnO8p3mUQ==
      Date:
      - Fri, 15 Dec 2023 16:36:16 GMT
      Alt-Svc:
      - h3=":443"; ma=86400
      Connection:
      - keep-alive
      Content-Length:
      - '37'
    body:
      encoding: UTF-8
      string: '{"data":[{"id":"17842307719068454"}]}'
  recorded_at: Fri, 15 Dec 2023 16:36:16 GMT
- request:
    method: get
    uri: https://graph.facebook.com/v18.0/17842307719068454/top_media?access_token=<INSTAGRAM_TOKEN>&fields=id,caption,comments_count,like_count,timestamp,media_url,children,media_type&user_id=17841462175987660
    body:
      encoding: US-ASCII
      string: ''
    headers:
      Accept-Encoding:
      - gzip;q=1.0,deflate;q=0.6,identity;q=0.3
      Accept:
      - "*/*"
      User-Agent:
      - Ruby
  response:
    status:
      code: 200
      message: OK
    headers:
      Etag:
      - '"490fe8a232c5015ed16b66c4b9008731141ed9d6"'
      Content-Type:
      - application/json; charset=UTF-8
      Vary:
      - Accept-Encoding
      - Origin
      X-Business-Use-Case-Usage:
      - '{"17841454738668142":[{"type":"instagram","call_count":0,"total_cputime":0,"total_time":0,"estimated_time_to_regain_access":0}],"17841401690950448":[{"type":"instagram","call_count":0,"total_cputime":0,"total_time":0,"estimated_time_to_regain_access":0}]}'
      Access-Control-Allow-Origin:
      - "*"
      Facebook-Api-Version:
      - v18.0
      Strict-Transport-Security:
      - max-age=15552000; preload
      Pragma:
      - no-cache
      Cache-Control:
      - private, no-cache, no-store, must-revalidate
      Expires:
      - Sat, 01 Jan 2000 00:00:00 GMT
      X-Fb-Request-Id:
      - AM65_86C0B1aZe696IpA0O1
      X-Fb-Trace-Id:
      - HNJ48zJ8R66
      X-Fb-Rev:
      - '1010444709'
      X-Fb-Debug:
      - 5MEmnlbv7IMgzx0JQtPVXI7zFkCUH5e+8+bpsp6UXdf8Dq7ZGdvAvRiyCN+s/9v79rkVX5Zn92ioZbdVtS2heQ==
      Date:
      - Fri, 15 Dec 2023 16:36:20 GMT
      Alt-Svc:
      - h3=":443"; ma=86400
      Connection:
      - keep-alive
      Content-Length:
      - '21733'
    body:
      encoding: ASCII-8BIT
      string: '{"data":[{"id":"18076618468429879","caption":"ALONE!!!\n\n#doona #doonaedit
        #doonakdrama #baesuzy #suzyedit #suzy#deathgame #deathgameedit #nighthascome
        #welcometosamdalriedit #welcometosamdalri #jungkookedit #sweethome2 #sweethomeedit
        #mydemonedit #mydemon #songkangedit #friendship #fyp #explorepage #explore
        #love #new #kdarama #kdramaedits #kdramaworld #kpopedit","comments_count":1,"like_count":12,"timestamp":"2023-12-15T16:00:31+0000","children":{"data":[{"id":"18010459382288236"},{"id":"18044243911565753"}]},"media_type":"CAROUSEL_ALBUM"},{"id":"18010196873104412","caption":"\ud835\udde1\ud835\uddd8\ud835\uddea:
        \n\nI love this man! This look, this smile has stolen my soul!\n\nCheck out
        the first promotional images of Jamie Dornan\u2019s participation today, the
        14th, on The Graham Norton Show.\n\n#jamiedornan_ita_#jamiedornanfans #irish
        #irishman #ireland\ud83c\udf40 #belfast #fiftyshadesmovie #christiangrey #thefall
        #paulspector \n#jamiedornan #daniellemacdonald #thetourist #serie #new #bbc
        #photographer #photooftheday #picoftheday #ireland #irish #bbc \n#bbciplayer\n\n#repost
        jamiedornanbr","comments_count":43,"like_count":420,"timestamp":"2023-12-14T22:20:42+0000","children":{"data":[{"id":"18250463932230723"},{"id":"18004487987223977"},{"id":"18245931577213080"}]},"media_type":"CAROUSEL_ALBUM"},{"id":"17991199763451981","caption":"Goddess\ud83d\udda4
        ivankatrump \n\nDon\u2019t forget to follow ivvankatrump \ud83c\uddfa\ud83c\uddf8\n\n#new
        #ivanka #ivankatrump #ivankatrumpfashion #ivankatrumpstyle #ivankamarietrump
        #ivanka2028 #ivvankatrump #ivankatrumpshoes #modeling #style #fashion #fashionstyle
        #conservativefashion #republican #usa #usafirst #americafirst\ud83c\uddfa\ud83c\uddf8
        #americafirst #american #patriot #instadaily #instagood #instagram #insta
        #explorepage #explore #explorepage\u2728 #\ud83c\uddfa\ud83c\uddf8","comments_count":52,"like_count":624,"timestamp":"2023-12-15T00:54:22+0000","media_url":"https:\/\/scontent.cdninstagram.com\/v\/t51.29350-15\/410132554_901073875051429_7989004322285488875_n.jpg?_nc_cat=102&ccb=1-7&_nc_sid=c4dd86&_nc_ohc=p5XyMceYAIQAX9rtLxn&_nc_ht=scontent.cdninstagram.com&edm=APCawUEEAAAA&oh=00_AfA8wFLRxq6zw3t81VAnNukIfT7zVE12BBpSY3J4XcxBew&oe=658158B3","media_type":"IMAGE"},{"id":"18004505981207865","caption":"Floridsk\u00fd
        alig\u00e1to\u0159\u00ed park Gatorland Orlando minul\u00fd t\u00fdden ozn\u00e1mil,
        \u017ee mezi sv\u00fdmi zv\u00ed\u0159aty p\u0159iv\u00edtali ml\u00e1d\u011b
        s velmi vz\u00e1cnou pigmentovou poruchou. Na sv\u011bt\u011b je zn\u00e1mo
        pouze sedm takov\u00fdch alig\u00e1tor\u016f.\n\nGatorland Orlando ve sv\u00e9m
        ozn\u00e1men\u00ed up\u0159esnil, \u017ee mal\u00fd sv\u011btl\u00fd alig\u00e1to\u0159\u00edk
        nen\u00ed alb\u00edn, ale trp\u00ed takzvan\u00fdm leucismem. Rozd\u00edl
        spo\u010d\u00edv\u00e1 v tom, \u017ee alb\u00edni postr\u00e1daj\u00ed pigment
        melanin, zat\u00edmco jedinci s leucismem nemaj\u00ed v\u016fbec \u017e\u00e1dn\u00e9
        pigmenty. \n\nAlig\u00e1to\u0159i s pigmentov\u00fdmi poruchami neb\u00fdvaj\u00ed
        zase a\u017e tak vz\u00e1cn\u00ed, ale \u010dasto m\u00edvaj\u00ed na sv\u011btl\u00e9
        k\u016f\u017ei alespo\u0148 n\u011bjak\u00e9 pigmentov\u00e9 skvrny. Naproti
        tomu takto sv\u011btl\u00ed jedinci jsou velmi vz\u00e1cn\u00ed. Server UPI
        tvrd\u00ed, \u017ee floridsk\u00fd p\u0159\u00edr\u016fstek je prvn\u00ed
        zdokumentovan\u00fd p\u0159\u00edpad od doby, kdy bylo p\u0159ed 36 lety v
        Lousian\u011b objeveno cel\u00e9 hn\u00edzdo leucistick\u00fdch alig\u00e1tor\u016f.\n\nV
        sou\u010dasnosti \u00fadajn\u011b na sv\u011bt\u011b \u017eije pouze sedm
        takov\u00fdch zv\u00ed\u0159at, z toho t\u0159i pr\u00e1v\u011b ve floridsk\u00e9m
        Gatorlandu. \u201eJe to vz\u00e1cn\u011bj\u0161\u00ed ne\u017e vz\u00e1cn\u00e9,
        je to naprosto mimo\u0159\u00e1dn\u00e1 ud\u00e1lost,\u201c uvedli k vyl\u00edhnut\u00ed
        leucistick\u00e9ho ml\u00e1d\u011bte p\u0159edstavitel\u00e9 alig\u00e1to\u0159\u00edho
        parku. \n\nZ\u00e1rove\u0148 tak\u00e9 up\u0159esnili, \u017ee jde o sami\u010dku.
        S n\u00ed p\u0159i\u0161el na sv\u011bt je\u0161t\u011b tak\u00e9 jej\u00ed
        mal\u00fd br\u00e1\u0161ka, jen\u017e je v\u0161ak zbarven zcela standardn\u011b.
        N\u00e1v\u0161t\u011bvn\u00edci parku je oba budou moci vid\u011bt p\u0159\u00ed\u0161t\u00ed
        rok. Ale b\u00edlou sle\u010dnu asi jen kr\u00e1tce nebo ve vnit\u0159n\u00edch
        expozic\u00edch. Podle chovatel\u016f toti\u017e kv\u016fli vz\u00e1cn\u00e9
        pigmentov\u00e9 poru\u0161e nem\u016f\u017ee dlouho pob\u00fdvat na slunci.\n\u2022\nSledujte
        N\u00c1S:\noffshem.cz\n\n#poznejfirmu #OFFSHEM #explore #czech #explore #new
        #design #redesign #creator #content #faktyczsk #czsk #cz #sk #novinka #novinky","comments_count":0,"like_count":750,"timestamp":"2023-12-15T06:34:16+0000","media_url":"https:\/\/scontent.cdninstagram.com\/v\/t51.29350-15\/410441765_1497633027698218_3198608624566624156_n.heic?stp=dst-jpg&_nc_cat=101&ccb=1-7&_nc_sid=c4dd86&_nc_ohc=Gxfv2oY4ux8AX-35dFh&_nc_ht=scontent.cdninstagram.com&edm=APCawUEEAAAA&oh=00_AfDCzKUEJhzAv9dRYqVc4D-VDieuWh4I86Jf53O3vGqqfg&oe=6580A527","media_type":"IMAGE"},{"id":"18289173658196466","caption":"Old
        pic \ud83e\ude75 \ud83e\udef6\ud83c\udffc\u2764\ufe0f sidmalhotra kiaraaliaadvani
        \n\n#sidharthmalhotra #cute #love #fashion #style #swag #photo #photography
        #photooftheday #trending #trend #new #kiaraadvani #married #wedding #sidkiara
        #couplegoals #shershaah","comments_count":2,"timestamp":"2023-12-15T06:56:10+0000","media_url":"https:\/\/scontent.cdninstagram.com\/v\/t51.29350-15\/410545513_195705783614145_61278441055030749_n.jpg?_nc_cat=106&ccb=1-7&_nc_sid=c4dd86&_nc_ohc=NESdYrAJfFgAX8ELr4N&_nc_ht=scontent.cdninstagram.com&edm=APCawUEEAAAA&oh=00_AfAmFpZlO_xgnCM9spcXySkCf0ntQ7ZbpUwpJAqIoO6IZg&oe=6582653E","media_type":"IMAGE"},{"id":"18012777317081116","caption":"#NEW
        joe locke and tobie donovan attend the press night performance of \u201cstranger
        things: the frist shadow\u201d omg look at them!!!\n\n\ud83d\udcf8: gettyimages\n\n
        #joelocke #tobiedonovan #joelockeedit #tobiedonovanedit #joelockefan #joelockefanart
        #heartstopper #heartstopperedit #heartstoppercomic #heartstoppernetflix #heartstopperfanart
        #heartstopperseason2 #heartstoppertvshow #netflix  #update #fanpage #foryou
        #fyp #photography #friends #strangerthings #likesforlike #followme #newpost
        #instadaily #viral #tbt #viralpost #hairstyle","comments_count":4,"timestamp":"2023-12-14T19:51:27+0000","media_url":"https:\/\/scontent.cdninstagram.com\/v\/t51.29350-15\/410047721_393789786347463_709373926764017737_n.jpg?_nc_cat=108&ccb=1-7&_nc_sid=c4dd86&_nc_ohc=Qfdqj2ZK1uEAX-Q7Ze6&_nc_ht=scontent.cdninstagram.com&edm=APCawUEEAAAA&oh=00_AfAbteRkHr8VmXriyLb9t1oJLi0-ziZPWjwm9gJ2rRBaZw&oe=6580FA3F","media_type":"IMAGE"},{"id":"17940710792759388","caption":"shrouded
        solitude\n\n#art #digital #surrealism #arte #solitude #surrealistly #gallerywall
        #artsy #image #painting #surreal #artcollector #artcurator #new","comments_count":7,"timestamp":"2023-12-15T15:22:01+0000","media_url":"https:\/\/scontent.cdninstagram.com\/v\/t51.29350-15\/410279727_318987687630067_2874726188905587245_n.jpg?_nc_cat=102&ccb=1-7&_nc_sid=c4dd86&_nc_ohc=qur2lyYHfr4AX9Q1E7f&_nc_ht=scontent.cdninstagram.com&edm=APCawUEEAAAA&oh=00_AfChIpLC6_rSVtE6AfUzUsVlqsOQJHGj9__OEEMvByUfdg&oe=658261FB","media_type":"IMAGE"},{"id":"17993821790421834","caption":"La
        ville scintille \u2728 \n\n#outfits #outfitinspo #inspo #look #mode #new #fashion
        #frenchgirl #ootd #ootdfashion #inspiration #outfit #style #ootdshare #fav
        #period #christmas #vibes #goodvibes","comments_count":34,"timestamp":"2023-12-15T10:49:02+0000","children":{"data":[{"id":"17980383131436237"},{"id":"17983851749370475"},{"id":"18110032804352269"},{"id":"17934263999785052"},{"id":"17983029458554912"},{"id":"17998832957125036"},{"id":"17991331967406184"}]},"media_type":"CAROUSEL_ALBUM"},{"id":"18010963112312696","caption":"familia
        \ud83e\udd0d\u2b50\u2755\n\n#sofiadeborbon #infantaofspain #sofiainfantadeespa\u00f1a
        #infantasofia #infantasofiaofspain #royalty #royals #royalfamily #casareal
        #royalhouse #familiareal #awards #spanishroyals #spain #european #monarchy
        #NewsUpdate #NEW #princessleonor #princessleonorofspain #infantasofia #infantasofiaofspain  #princesaasturias
        #instaroyals #royals #royalfamily #royalty #royalfamily #espa\u00f1a #familia
        #explorar #explorepage #spanishroyal #casareal #spanishroyals #fundaci\u00f3nprincesadeasturias
        #spanishroyalfamily","comments_count":16,"timestamp":"2023-12-15T13:08:58+0000","media_url":"https:\/\/scontent.cdninstagram.com\/v\/t51.29350-15\/410488960_1092624705262497_1890266472799220238_n.webp?stp=dst-jpg&_nc_cat=104&ccb=1-7&_nc_sid=c4dd86&_nc_ohc=k9u2tpQ86wgAX9phIOU&_nc_ht=scontent.cdninstagram.com&edm=APCawUEEAAAA&oh=00_AfDOJkWVuKWP88t5z3wI-7S6i_eJBXI75trcxyM9kuLxrg&oe=6581AB71","media_type":"IMAGE"},{"id":"18048317398546834","caption":"\uc544\ub354\uc5d0\ub7ec\uac00
        \ub0a8\uae34 \ud30c\ub780\uc0c9\uc758 \ub9c8\uc9c0\ub9c9 \uc870\uac01\uc774
        \uc788\ub2e4\uba74.\ud83e\uddf5\n\n\uc544\ub354\uc5d0\ub7ec(ader_error)\uac00
        \ucc3d\ub9bd 9\uc8fc\ub144\uc744 \uae30\ub150\ud574 \ucd9c\uc2dc\ud558\ub294
        ''The Last Piece of Blue\u2019. \uc774 \uceec\ub809\uc158\uc5d0\ub294 \uc544\ub354\uc5d0\ub7ec\uc758
        \uacfc\uac70\uc640 \ud604\uc7ac, \uadf8\ub9ac\uace0 \ubbf8\ub798\uac00 \ubaa8\ub450
        \ub2f4\uaca8\uc788\ub294\ub370\uc694.\n\n\ud0c4\uc0dd\uacfc \ucd95\ud558\uc758
        \uc758\ubbf8, \uadf8\ub9ac\uace0 \uc22b\uc790 9\uc5d0\uc11c \uc601\uac10\uc744
        \ubc1b\uc740 \ud2b9\ubcc4\ud55c \uadf8\ub798\ud53d \uc544\ud2b8\uc6cc\ud06c\uc640
        \uc2dc\uadf8\ub2c8\ucc98 \ub85c\uace0\uac00 \ud3ec\uc778\ud2b8\uc785\ub2c8\ub2e4.
        \uc758\ub958\uc640 \ubaa8\uc790, \ub2ec\uac40 \uc624\ube0c\uc81c\uae4c\uc9c0
        \ucd1d 14\ud53c\uc2a4\uc758 \uc775\uc2a4\ud074\ub8e8\uc2dc\ube0c \uc81c\ud488\uc73c\ub85c
        \uad6c\uc131.\n\n\uc774\ubc88 \uceec\ub809\uc158\uc740 \uc624\ub294 18\uc77c
        \uc544\ub354\uc5d0\ub7ec \uacf5\uc2dd \ud648\ud398\uc774\uc9c0\uc5d0\uc11c
        \ud504\ub9ac \uc624\ub354\ub85c \uc120\ub860\uce6d\ub418\ub294\ub370\uc694.
        \uc62c \uaca8\uc6b8\uc744 \ud30c\ub797\uac8c \ubb3c\ub4e4\uc77c \uc544\ub354\uc5d0\ub7ec\uc758
        \ub274 \uc2e4\ub8e8\uc5e3\uc744 \u003C\ud53c\uc5d0\uc774\ud53c>\uc640 \ud568\uaed8
        \uae30\ub300\ud574\ubcf4\uc138\uc694. \ud83d\udc99\n\n-\n\nIf there''s one
        last piece of blue left by ADER ERROR. \ud83e\uddf5\n\nTo commemorate its
        9th anniversary, ADER ERROR (ader_error) introduces ''The Last Piece of Blue.''
        This collection encapsulates the past, present, and future of ADER ERROR.\n\nSignificant
        graphic artwork inspired by the symbolism of birth, celebration, and the number
        9, alongside the signature logo, serve as focal points. Consisting of 14 exclusive
        pieces including clothing, hats, and egg objet d''art.\n\nThis collection
        is set to pre-launch for pre-order on ADER ERROR''s official website starting
        from the 18th. Look forward to ADER ERROR''s new silhouette that will paint
        this winter blue with \u003CPAP>. \ud83d\udc99","comments_count":2,"like_count":343,"timestamp":"2023-12-15T10:26:34+0000","media_url":"https:\/\/scontent.cdninstagram.com\/v\/t51.29350-15\/410804631_389201530456549_8433163646726113995_n.jpg?_nc_cat=104&ccb=1-7&_nc_sid=c4dd86&_nc_ohc=KvXt5h4t-4IAX9RNlFe&_nc_ht=scontent.cdninstagram.com&edm=APCawUEEAAAA&oh=00_AfBdZ-8zULhOQ-eT6LcEUlvoXrhig0TH6e7zpgTsj-3CHA&oe=65813E5A","media_type":"IMAGE"},{"id":"18011308438928080","caption":"\u2728\u2b50\ufe0f\u2728\n\nbaselswitzerland
        \n\n.\n.\n.\n#thisisbasel #basel #switzerland #love #photography #nature #instagram
        #new","comments_count":0,"timestamp":"2023-12-15T16:27:24+0000","children":{"data":[{"id":"18384111598068944"},{"id":"17985288188605635"},{"id":"18209924743278917"}]},"media_type":"CAROUSEL_ALBUM"},{"id":"18009013672965671","caption":"\ud835\udccc\ud835\udcbe\ud835\udcc3\ud835\udcc9\ud835\udc52\ud835\udcc7
        \ud835\udcb9\ud835\udcbe\ud835\udcb6\ud835\udcc7\ud835\udcbe\ud835\udc52\ud835\udcc8
        \ud83c\udf32\ud83e\udd8c\u2744\ufe0f\n\n #new #cozydecor #cozydays #simple
        #simplelife #wintervibes #homelove #teatime #wonderfultime #mytable #tableware
        #coffee #coffeetime #aesthetic #\uff41\uff45\uff53\uff54\uff48\uff45\uff54\uff49\uff43
        #aesthetictime #moment #wonderfultime #interior #winter #christmas #christmastime  #hmhome
        #zarahome #afternoontea #afternoonteatime #vibes #wonderfull","comments_count":28,"like_count":429,"timestamp":"2023-12-15T08:46:54+0000","children":{"data":[{"id":"18032667346680891"},{"id":"18016934977943729"},{"id":"17941722449759361"},{"id":"17870847602984115"}]},"media_type":"CAROUSEL_ALBUM"},{"id":"17882548148988611","caption":"#New\nChristmas
        Card 2023 from Princely family\ud83c\udf84\ud83e\udd0d\n.\n.\n.\n.\n.\n#royalfamily
        #monaco #princessgabriella #princess #princessgabriellaofmonaco #princejacques
        #princejacquesofmonaco #princesscharlene #princealbert #princealbertii #twins
        #princesscharleneofmonaco #siblings #mom #monaconationalday #princesscaroline
        #princesscarolineofmonaco #princessStephanie #princessstephanieofmonaco #princealbertofmonaco  #princesscharlotte
        #princessGrace #gracekelly #monacoroyalfamily\n#andreacasiraghi #pierrecasiraghi
        #merrychristmas #Christmas20223 #Christmascard","comments_count":29,"like_count":636,"timestamp":"2023-12-15T09:01:05+0000","media_url":"https:\/\/scontent.cdninstagram.com\/v\/t51.29350-15\/410596537_1036681250873444_7758884524274185362_n.webp?stp=dst-jpg&_nc_cat=102&ccb=1-7&_nc_sid=c4dd86&_nc_ohc=AG9MUWRvyO0AX-UvD0m&_nc_ht=scontent.cdninstagram.com&edm=APCawUEEAAAA&oh=00_AfD-iKpXp_JJBGsn2HXxKboMbrAHv4AjwMY9OoHHl4NH6Q&oe=6580D224","media_type":"IMAGE"},{"id":"18002806919077199","caption":"#new
        #photo #reels #video #pingua #babu","comments_count":1,"like_count":6,"timestamp":"2023-12-15T16:07:19+0000","media_url":"https:\/\/scontent.cdninstagram.com\/v\/t51.29350-15\/410866256_362591002928479_9062948170417461275_n.heic?stp=dst-jpg&_nc_cat=102&ccb=1-7&_nc_sid=c4dd86&_nc_ohc=jmoo7wtcd9oAX_nbUD3&_nc_ht=scontent.cdninstagram.com&edm=APCawUEEAAAA&oh=00_AfDsG27WU4BdTR55tyWaKEAGe4j3-asxuuNduM70PXegdQ&oe=6581068F","media_type":"IMAGE"},{"id":"18008937742973657","caption":"\u00ab\u00a0What
        else ?\u00a0\u00bb \u2615\ufe0f\ud83e\udd0d\n\n#today #look #outfits #outfitoftheday
        #ootd #new #touch #leopard #fashion #mode #frenchgirl #lille #nespresso #coffee
        #coffeeaddict #capuccino #post #outfit #echarpe","comments_count":100,"like_count":1441,"timestamp":"2023-12-14T18:10:53+0000","children":{"data":[{"id":"17998774268136479"},{"id":"18067792192455883"},{"id":"18028542235768456"},{"id":"17985456095531374"},{"id":"17973212174642435"},{"id":"18027190360806596"}]},"media_type":"CAROUSEL_ALBUM"},{"id":"18033729685726293","caption":"#CG
        #TWIS \ud83d\udc79 gordillotobi \n.\n.\n.\n.\n.\n.\n.\n.\n#honda #new #titan
        #cg #alcorte #stunt #cordoba #argentina #fierros #twister #brasil #stuntargentino","comments_count":1,"like_count":21,"timestamp":"2023-12-15T16:25:18+0000","children":{"data":[{"id":"17998983434354651"},{"id":"18080645872419047"}]},"media_type":"CAROUSEL_ALBUM"},{"id":"17983699259343604","caption":"2023
        \u00f6zeti\n\n#feryam #s\u0131lat\u00fcrko\u011flu #fyp #eynes #turkishseries
        #ateyla #kerembursin #k\u0131z\u0131lc\u0131k\u015ferbeti #fypp #ke\u015ffetalbeni
        #ke\u015ffeta\u00e7\u0131l #yal\u0131\u00e7apk\u0131n\u0131 #seyfer #afram
        #kesfet #kesfetteyim #ke\u015ffetteyiz #ke\u015ffeted\u00fc\u015f #kesfetonecikarbeni
        #kesfettengelenler #fyp\u30b7 #fypage #kesfeteduselim #g\u00fcndem #magazin
        #new #k\u0131z\u0131lc\u0131k\u015ferbeti #anketonly #ke\u015ffet #do\u011ffat","comments_count":0,"like_count":10,"timestamp":"2023-12-15T16:12:11+0000","media_url":"https:\/\/scontent.cdninstagram.com\/v\/t51.29350-15\/410436030_327045036761404_1495148566096277787_n.jpg?_nc_cat=108&ccb=1-7&_nc_sid=c4dd86&_nc_ohc=80To8Y2b3mQAX8OijHv&_nc_ht=scontent.cdninstagram.com&edm=APCawUEEAAAA&oh=00_AfAbmGFc020NugUuYBRIgJdW3Rf-8X129Ds_UH97XeAWww&oe=6581FDF4","media_type":"IMAGE"},{"id":"17908930394860648","caption":"#2024bmw740#bmw740#privateclient#AnotherHappyClient
        #EmpireAutoNY  #Cars \ud83d\ude97 #AllMakes #Exotics #Lease #Finance #Cash
        #NEWYORK #tradeins #empire #nyc #empireleasing #luxury #sedan #suv #carporn
        #new  empireleasing #Brooklyn #StatenIsland #Manhattan #Bronx #Queens #NewJersey\n\ud83c\udfeb6911
        Shore Rd Brooklyn N.Y.","comments_count":0,"like_count":5,"timestamp":"2023-12-15T16:14:58+0000","children":{"data":[{"id":"18277885288081894"},{"id":"18029645731698076"},{"id":"18012342479309567"},{"id":"17875306010961067"},{"id":"17988789113585127"},{"id":"18028809667775644"},{"id":"18006524276476218"},{"id":"18027012862839171"},{"id":"17917128704763838"}]},"media_type":"CAROUSEL_ALBUM"},{"id":"17890798046955955","caption":"#kerala
        #modeling #stylist #new #post #idukki #natural #vibe #kottayam #love #like
        #selfcare","comments_count":3,"like_count":22,"timestamp":"2023-12-15T16:30:27+0000","children":{"data":[{"id":"17993582303221958"},{"id":"17996940359373276"},{"id":"17990881781280524"},{"id":"18001802564202741"},{"id":"17973445850504967"},{"id":"17985006545565322"},{"id":"17989143011586636"},{"id":"17993647706226856"},{"id":"18029377174748307"}]},"media_type":"CAROUSEL_ALBUM"},{"id":"17890417784950799","caption":".\n\n#post
        #instagram  #like #instagood #follow #viral #new #photography #newpost #trending
        #followforfollowback #insta #likes #explore #instadaily #photo #comment #india  #share  #life
        #fashion","comments_count":3,"like_count":25,"timestamp":"2023-12-15T16:18:36+0000","media_url":"https:\/\/scontent.cdninstagram.com\/v\/t51.29350-15\/410304409_340230262063399_3999766538656786265_n.heic?stp=dst-jpg&_nc_cat=103&ccb=1-7&_nc_sid=c4dd86&_nc_ohc=hCjWNuWT3Z4AX9RglX1&_nc_ht=scontent.cdninstagram.com&edm=APCawUEEAAAA&oh=00_AfA3nHN-P5u2rajuNp7FPYV63PSZfldmH-HGX0c4QC6nTg&oe=65811CCE","media_type":"IMAGE"},{"id":"18295207687178342","caption":"tag
        them \n.\n.\n.\ncredit: unknown (dm me) :) #catmemes #sadcats #catto #cat
        #cats #catlovers #catsofinstagram #chonk #cursedcat  #obscurecatmemes #meme
        #memes #funnymeme #wholesome #wholesomememes #explore #funny #tiktok #tiktokmemes
        #follow #new","comments_count":2,"like_count":646,"timestamp":"2023-12-15T00:35:22+0000","media_url":"https:\/\/scontent.cdninstagram.com\/v\/t51.29350-15\/410190602_1086347835743414_3235078926376935102_n.jpg?_nc_cat=106&ccb=1-7&_nc_sid=c4dd86&_nc_ohc=Jnzl84vOI_YAX_AZSSj&_nc_ht=scontent.cdninstagram.com&edm=APCawUEEAAAA&oh=00_AfD_Akb30M9QwowQ-NAK-FqAlcifsFtiQ78VZMnLz0BmnQ&oe=65814470","media_type":"IMAGE"},{"id":"18016158508971389","caption":"\ud83e\uddff\ud83d\ude0d\ud83d\udc95Waawww\n\n#p\u0131nardeniz
        #feryam #s\u0131lat\u00fcrko\u011flu #fyp #eynes #turkishseries #ateyla #kerembursin
        #k\u0131z\u0131lc\u0131k\u015ferbeti #fypp #ke\u015ffetalbeni #ke\u015ffeta\u00e7\u0131l
        #yal\u0131\u00e7apk\u0131n\u0131 #seyfer #afram #kesfet #kesfetteyim #ke\u015ffetteyiz
        #ke\u015ffeted\u00fc\u015f #kesfetonecikarbeni #kesfettengelenler #fyp\u30b7
        #fypage #kesfeteduselim #g\u00fcndem #magazin #new #k\u0131z\u0131lc\u0131k\u015ferbeti
        #anketonly #ke\u015ffet #do\u011ffat","comments_count":0,"like_count":11,"timestamp":"2023-12-15T16:15:37+0000","media_url":"https:\/\/scontent.cdninstagram.com\/v\/t51.29350-15\/410230804_1101712497667062_8979801420767672316_n.jpg?_nc_cat=104&ccb=1-7&_nc_sid=c4dd86&_nc_ohc=XlaPm326fWQAX9du2tC&_nc_ht=scontent.cdninstagram.com&edm=APCawUEEAAAA&oh=00_AfAxI6yBoTQR4PNkUbyuxlaVetAnZE0LzdDFn1TlqxJpFQ&oe=658098A1","media_type":"IMAGE"},{"id":"18315246907118908","caption":"Selfie
        selfie \ud83e\udd33 \n.\n.\n.\n.\n.\n.\n#arshibharti #arshishandilya #mumbai
        #new #lavender #selfie #photooftheday #tmkoc #gaming #gamer #ps #console","comments_count":25,"like_count":436,"timestamp":"2023-12-15T13:12:14+0000","media_url":"https:\/\/scontent.cdninstagram.com\/v\/t51.29350-15\/410905922_1408016283119919_4157232104201867327_n.jpg?_nc_cat=106&ccb=1-7&_nc_sid=c4dd86&_nc_ohc=EKx9EcrQrqsAX8bzXTv&_nc_ht=scontent.cdninstagram.com&edm=APCawUEEAAAA&oh=00_AfBts_YQDyjM_LC399Ps16LEVa9PH_FxXMfgJQxV8GnCkw&oe=6581B3DA","media_type":"IMAGE"},{"id":"18405672622017037","caption":"\ud83d\udcabMUMBAI
        INDIANS NEW\ud83e\udd79ROHIT CAPTAINCY HANDS\ud83d\udc94OVER \ud83e\udd75CAPTAIN
        HARDIK PANDIYA\u2764\ufe0f\u200d\ud83d\udd25\ud83d\udca5....\n\n#hardikpandya\n#new#captain\n#mumbaiindians\n#welcome\n#onthefire\n#hardikfans","comments_count":3,"timestamp":"2023-12-15T13:40:35+0000","media_url":"https:\/\/scontent.cdninstagram.com\/v\/t51.29350-15\/410782896_1292099288854943_1851980057773630761_n.heic?stp=dst-jpg&_nc_cat=106&ccb=1-7&_nc_sid=c4dd86&_nc_ohc=VEoHdtyL5cAAX_0NDaR&_nc_ht=scontent.cdninstagram.com&edm=APCawUEEAAAA&oh=00_AfBIb4-oc-6HpJkT5kL18T7H23wLvVGxdZuqsfcOJ6nGmQ&oe=65811BF2","media_type":"IMAGE"},{"id":"18329758492101732","caption":"Szn
        greetings \ud83d\udda4\n.\n.\n.\n.\n.\n.\n.\n.\n.\n.\n.\n#wedding #weddingseason
        #black #saree #sareelove #traditional #outfit #ootd #explore #explorepage
        #trend #trending #foryou #foryoupage #bhfyp #new #daily #igdaily #instadaily
        #blogger #jaipurblogger #fashion #influencer","comments_count":22,"like_count":388,"timestamp":"2023-12-15T10:32:50+0000","children":{"data":[{"id":"18013179305095444"},{"id":"17986413455541188"},{"id":"18406112590046190"}]},"media_type":"CAROUSEL_ALBUM"}],"paging":{"cursors":{"after":"NDhjYTQxYjNkMGFkNDNlM2E1MDhmZAjI4NjRlODRmNjYZD"},"next":"https:\/\/graph.facebook.com\/v18.0\/17842307719068454\/top_media?user_id=17841462175987660&fields=id,caption,comments_count,like_count,timestamp,media_url,children,media_type&access_token=<INSTAGRAM_TOKEN>&limit=25&after=NDhjYTQxYjNkMGFkNDNlM2E1MDhmZAjI4NjRlODRmNjYZD"}}'
  recorded_at: Fri, 15 Dec 2023 16:36:20 GMT
- request:
    method: get
    uri: https://graph.facebook.com/v18.0/ig_hashtag_search?access_token=BAD_TOKEN&q=17842307719068454&user_id=17841462175987660
    body:
      encoding: US-ASCII
      string: ''
    headers:
      Accept-Encoding:
      - gzip;q=1.0,deflate;q=0.6,identity;q=0.3
      Accept:
      - "*/*"
      User-Agent:
      - Ruby
  response:
    status:
      code: 400
      message: Bad Request
    headers:
      Vary:
      - Origin
      Access-Control-Allow-Origin:
      - "*"
      Content-Type:
      - application/json; charset=UTF-8
      Www-Authenticate:
      - OAuth "Facebook Platform" "invalid_token" "Invalid OAuth access token - Cannot
        parse access token"
      Strict-Transport-Security:
      - max-age=15552000; preload
      Pragma:
      - no-cache
      Cache-Control:
      - no-store
      Expires:
      - Sat, 01 Jan 2000 00:00:00 GMT
      X-Fb-Request-Id:
      - AGL-tXu7_QMTrsAHRHXaMwC
      X-Fb-Trace-Id:
      - ANvBwNyCy6N
      X-Fb-Rev:
      - '1010444709'
      X-Fb-Debug:
      - 9XgvIq7d54lv6IQMWnh/MjoTdJxohyLA4ACBw+f57W3WVPUgCY1oHQNaAYkCyV/uPIXXI1sOmbbkIvzIF/lm1g==
      Date:
      - Fri, 15 Dec 2023 16:36:20 GMT
      Proxy-Status:
      - http_request_error; e_clientaddr="AcJeaN9QYtdUP9nrhFvZ2rjhN3mGhyB8LS5U1qQv7OyYpbCFfW2neHiglcsqRAFWkqAk5sy0UDf2Du4L5oGuLe2oPnjmNYfFb2BtVT3FE5a9pQ";
        e_fb_vipport="AcIYm7Xbi9hEg9XZqf1lA_8usBqc8y1DvNEw5HSRETuJUVFzQ9Li5wr-mfrQ";
        e_upip="AcLRseeXzCv8QuQY8nsxwHKMEjTKOqW7PE1TnXWlQJS4Gg5KPuGPMIDo-ZCdITlC4VXSjH88tFDiVIy1cQKT9yLsInOoEvOyIA";
        e_fb_hostheader="AcIfV9iJdW7zdqlGUChj5o98RaFKvgZGhmWphq5GB6qB3QGpL14x24ChaZ3VP4rn5XKS9fLVZ1HYKVmQ";
        e_fb_vipaddr="AcKF_AimsNnuG4FqxSlc_VzYupSZGz9WQk6D8RpDlT6FgIxsbLn6qMDWzPtAwsS8ZEHCTMc96bQa45tZp9cWGtAWCsUnUjkwOA";
        e_fb_requesthandler="AcJQT4h2JspyVp5LnC-uK8xROSsWUYhZM4eVHxsKPCtXDzCP7Afb8udbncGHzNJZWgw2ZBKDhn8";
        e_fb_builduser="AcLxYy4N4ciuS0rveelCT_mYiXANOEOk24zUwHkq9kgfE6xbCPHiGqTvAx74UQRFPOE";
        e_fb_binaryversion="AcJ3oRo8bmvI9XELFaVN_wsaU9BbIzx130bpfmyXERM5WSCrsL2ML4ZZyWjXLGgwP0kc_n8wJiv7WFA6WiRN_9LLltTYHcOFOkE";
        e_proxy="AcLrlIoAp8rGmAdZeiJ-kN47sS8XsAupngDX4LGYFEf_akbOPDqAp-Vj0Smb2zzGKsh4wvoDtgcGlEQ-IdI",
        http_request_error; e_clientaddr="AcLPx37vfm5RqwFLBkEsDULDiBJLlY0xs-I2lOaczLkA4b6VVATsBpO5UTaHuDA6namJOt8xBKeX8r2V";
        e_fb_vipport="AcL5_0zU_yTJrJP072b_x-MgJofctisMgBVFjxKB22gjgAi8JDdzZJ1oSjsR";
        e_upip="AcLtSakjCkNyfEARBGY2abi5KrFi6-iTM_xXVxG2u__Qg86DM-U9AJJF1Hk80cbUShJg2F0u_Tdsc_CIAbujhJ-qIsZJ_IqDfg";
        e_fb_hostheader="AcJ7aaRe_I9dbXAVhYpghpNEIK_LkABGl2p35QZne-ZGEILwmJlLSsouXW0Cs3DWOLKtQhiCOF_t2hyC";
        e_fb_vipaddr="AcJylXeayB24J1S0-tdA_1F38lB9looSBuiBNDNllSjpyc95skn1-Cct5EyosyDb052Z3g";
        e_fb_requesthandler="AcIEf-aklw9w7Fmyo7RatrH-x2myfEoIIwWMIFwVwQiFW-OznEQIZIeNYcy9F8ShjgtZljqA1do";
        e_fb_builduser="AcKxG5aVvMKDXfkhCJNQdYxXy35qErxfBUtl7omY5xpNkvTpBDHBfeD2T56vx14k2v8";
        e_fb_binaryversion="AcIcHmCu3YNTkDBqr8AT8zFqU1lRBOLYLLmXhOxZhOhWXwW8CDHObk5c1tZX9_AVTWZc-g34lCvvO2NMRsRtn-rezLVBFwumG2Y";
        e_proxy="AcK0bDkX0IH4562ymiihKKqcMbP8wcxpSTwmDtB0GsBO4B49xzMiguiRk3FzwkQxNBJ_AUVPLNrI_ZI"
      Alt-Svc:
      - h3=":443"; ma=86400
      Connection:
      - keep-alive
      Content-Length:
      - '152'
    body:
      encoding: UTF-8
      string: '{"error":{"message":"Invalid OAuth access token - Cannot parse access
        token","type":"OAuthException","code":190,"fbtrace_id":"AGL-tXu7_QMTrsAHRHXaMwC"}}'
  recorded_at: Fri, 15 Dec 2023 16:36:20 GMT
- request:
    method: get
    uri: https://graph.facebook.com/v18.0/ig_hashtag_search?access_token=<INSTAGRAM_TOKEN>&q=fake_hashtag_name&user_id=17841462175987660
    body:
      encoding: US-ASCII
      string: ''
    headers:
      Accept-Encoding:
      - gzip;q=1.0,deflate;q=0.6,identity;q=0.3
      Accept:
      - "*/*"
      User-Agent:
      - Ruby
  response:
    status:
      code: 400
      message: Bad Request
    headers:
      Vary:
      - Accept-Encoding
      - Origin
      Cross-Origin-Resource-Policy:
      - cross-origin
      X-App-Usage:
      - '{"call_count":0,"total_cputime":0,"total_time":0}'
      Content-Type:
      - application/json; charset=UTF-8
      Www-Authenticate:
      - OAuth "Facebook Platform" "invalid_request" "The requested resource does not
        exist"
      Access-Control-Allow-Origin:
      - "*"
      Facebook-Api-Version:
      - v18.0
      Strict-Transport-Security:
      - max-age=15552000; preload
      Pragma:
      - no-cache
      Cache-Control:
      - no-store
      Expires:
      - Sat, 01 Jan 2000 00:00:00 GMT
      X-Fb-Request-Id:
      - Amov4hDWdBR3P-eYfUDOQwA
      X-Fb-Trace-Id:
      - Gc/znrkaBnb
      X-Fb-Rev:
      - '1010444709'
      X-Fb-Debug:
      - ayHQhgc3Smbv0wA8Aehr5Lyt2k2vmfMBaDUZETqkD5jsQUUAlVavyco4HsrqiFDx+lUse2VSs9ThSKXCW9Mk8g==
      Date:
      - Fri, 15 Dec 2023 16:36:21 GMT
      Proxy-Status:
      - http_request_error; e_clientaddr="AcLn6CVXEpSiCrU1_cnaLxezfYaB1vhiMgo-FOVXZ9aMRRNQ33JrfYDs4hVZit-Bmu8WEZ51iJiOXk9KFWuRN651AM2-iBwCgWdtgDI3Etw2Vg";
        e_fb_vipport="AcL950Y2QK-pkEbDeapA2zhZdlUjQi-HqvuEt2SlRGuLfb4zT5nv3g7jypAP";
        e_upip="AcIJaApIIguFo7PCzB8xwFAqIA8fwWf4zxwLy_lCIhhJDrS34qzRBPcQ9ndqQgXR3pqlK40a72LKgDA9MPtMgyIcO4lHZ_FsCWQ";
        e_fb_hostheader="AcLvpm3tu224UND0Y7Hr_RyEaCEDZaJRtZRRm6Nw-BHbjp-wC45bHfk5j1kZf1rmx0CJqyNq9fzzZnRV";
        e_fb_vipaddr="AcJutLvKs9speLzAsoSIFfipLaMFz8hfSX0TTXdp-H-tdcaQkbgHuArGZAA5ahHipgi4IVMk1KayRlRcjbgS_CZGz8DJD0PNYw";
        e_fb_requesthandler="AcLyasKGLfN_wEaGM2pAv9Nll7AwtyG2-7--ospxkHLCtN51fMNBrukUXUQD9qJcQDEAI1RtTWo";
        e_fb_builduser="AcLiPdpF0Im78-baP85qipzP8CsU5Aah1qvA2iKkrU-UxUATZNmPvQ-l_mxuBsZyg3k";
        e_fb_binaryversion="AcLc_eIrL_vIlNJrXYZKROrgBNQQjJvfqy9iyLseC8XiC5KA6nk7W63yPnTv7AxLKlEiMn_L9-0_2fBeaoS__tyghhLqx7p7paI";
        e_proxy="AcK5O2_CMU833g5vZM7rLh8BFHh-lDtA1UURfXuT3WErgm0Gcux7WjsBQG0aIvXaUVnW9tFd3ytnzozP4dq3",
        http_request_error; e_clientaddr="AcJg0rPcFNPu3XCxX-nMwGCprPdHKt7_sFYYrqh4XdWoS801GzScLniVKO9bAYNzeYagjGQowIB3iYaY";
        e_fb_vipport="AcLnqFqSKInImrGvnr9tuVRnA-KxCA2pdRoNBDBhvuWWSyigxjy5YhkiGFFp";
        e_upip="AcKarwpqjBAHl2i_1zhFF7kgcnKFg2l0raTDmqhL_4-4vCf5WLkclyr6x_CpTF7fyias9whYLcosg0ZUUZCaIXcNd2wBNem_sw";
        e_fb_hostheader="AcJWwU96-36UniPXg_q9FFmglUjqg3XiOqqCGuQQPBuwOsvKSU8qd4v79OYaRLqjo60CBEZuZ7Zto6de";
        e_fb_vipaddr="AcJ5US-v7eYI363lfwUhuZA6LgpOzD252i8JP872HhxWf2lsTkNsoHJz7IahSM7VHfRbGA";
        e_fb_requesthandler="AcIlibYKaBYAR6k96d3EZ86H0Ae0OZby-PQLK0sTe75cmpdUY0xEdq_BzwAuVgUZMeiCXkQuLwg";
        e_fb_builduser="AcIu7lhY2MzPNZ9JTx2DEAJnMBhibN2s5Q6TY-F6uqN3igqBL3JBjWfYkpVwpC1O9EI";
        e_fb_binaryversion="AcI_Wj8oCRjfrdg7C-1EmP1nZT85RqP0Qzw4-yt52z-nuNhrY8w3x1YRkwJcJmdX2G7p_4pQVqo-BEF8gliSmnmU0zs0DjLBRPs";
        e_proxy="AcIbJ6_Z8HZTOvQEplEuBVi1E9ayXZdlFC8EvK0wO6CPWAvY2MOXUVpwAlx1CYoYrqQScGnP61N13qw"
      Alt-Svc:
      - h3=":443"; ma=86400
      Connection:
      - keep-alive
      Content-Length:
      - '522'
    body:
      encoding: ASCII-8BIT
      string: '{"error":{"message":"The requested resource does not exist","type":"OAuthException","code":24,"error_subcode":2207024,"is_transient":false,"error_user_title":"\u627e\u4e0d\u5230\u76f8\u7b26\u7684\u4e3b\u984c\u6a19\u7c64","error_user_msg":"\u7121\u6cd5\u986f\u793a\u7528\u6236\u8981\u6c42\u7684\u4e3b\u984c\u6a19\u7c64\u300c
        fake_hashtag_name \u300d\uff0c\u539f\u56e0\u53ef\u80fd\u662f\u7f3a\u5c11\u6b0a\u9650\u3001\u4e3b\u984c\u6a19\u7c64\u7121\u6548\u6216\u4e0d\u5b58\u5728\u3002","fbtrace_id":"Amov4hDWdBR3P-eYfUDOQwA"}}'
  recorded_at: Fri, 15 Dec 2023 16:36:21 GMT
recorded_with: VCR 6.2.0
